Archive member included to satisfy reference by file (symbol)

d:/program/nucleistudio/toolchain/gcc/bin/../lib/gcc/riscv-nuclei-elf/9.2.0/rv32imac/ilp32\libgcc.a(_udivdi3.o)
                              ./hbird_sdk/SoC/hbird/Common/Source/Stubs/gettimeofday.o (__udivdi3)
d:/program/nucleistudio/toolchain/gcc/bin/../lib/gcc/riscv-nuclei-elf/9.2.0/rv32imac/ilp32\libgcc.a(_umoddi3.o)
                              ./hbird_sdk/SoC/hbird/Common/Source/Stubs/gettimeofday.o (__umoddi3)
d:/program/nucleistudio/toolchain/gcc/bin/../lib/gcc/riscv-nuclei-elf/9.2.0/rv32imac/ilp32\libgcc.a(_clz.o)
                              d:/program/nucleistudio/toolchain/gcc/bin/../lib/gcc/riscv-nuclei-elf/9.2.0/rv32imac/ilp32\libgcc.a(_udivdi3.o) (__clz_tab)
d:/program/nucleistudio/toolchain/gcc/bin/../lib/gcc/riscv-nuclei-elf/9.2.0/../../../../riscv-nuclei-elf/lib/rv32imac/ilp32\libg_nano.a(lib_a-atexit.o)
                              ./hbird_sdk/SoC/hbird/Common/Source/GCC/startup_hbird.o (atexit)
d:/program/nucleistudio/toolchain/gcc/bin/../lib/gcc/riscv-nuclei-elf/9.2.0/../../../../riscv-nuclei-elf/lib/rv32imac/ilp32\libg_nano.a(lib_a-fini.o)
                              ./hbird_sdk/SoC/hbird/Common/Source/GCC/startup_hbird.o (__libc_fini_array)
d:/program/nucleistudio/toolchain/gcc/bin/../lib/gcc/riscv-nuclei-elf/9.2.0/../../../../riscv-nuclei-elf/lib/rv32imac/ilp32\libg_nano.a(lib_a-init.o)
                              ./hbird_sdk/SoC/hbird/Common/Source/GCC/startup_hbird.o (__libc_init_array)
d:/program/nucleistudio/toolchain/gcc/bin/../lib/gcc/riscv-nuclei-elf/9.2.0/../../../../riscv-nuclei-elf/lib/rv32imac/ilp32\libg_nano.a(lib_a-malloc.o)
                              ./application/kshell.o (malloc)
d:/program/nucleistudio/toolchain/gcc/bin/../lib/gcc/riscv-nuclei-elf/9.2.0/../../../../riscv-nuclei-elf/lib/rv32imac/ilp32\libg_nano.a(lib_a-memcpy.o)
                              ./application/kinpu.o (memcpy)
d:/program/nucleistudio/toolchain/gcc/bin/../lib/gcc/riscv-nuclei-elf/9.2.0/../../../../riscv-nuclei-elf/lib/rv32imac/ilp32\libg_nano.a(lib_a-memset.o)
                              ./utils/src/parse_utils.o (memset)
d:/program/nucleistudio/toolchain/gcc/bin/../lib/gcc/riscv-nuclei-elf/9.2.0/../../../../riscv-nuclei-elf/lib/rv32imac/ilp32\libg_nano.a(lib_a-nano-freer.o)
                              d:/program/nucleistudio/toolchain/gcc/bin/../lib/gcc/riscv-nuclei-elf/9.2.0/../../../../riscv-nuclei-elf/lib/rv32imac/ilp32\libg_nano.a(lib_a-malloc.o) (_free_r)
d:/program/nucleistudio/toolchain/gcc/bin/../lib/gcc/riscv-nuclei-elf/9.2.0/../../../../riscv-nuclei-elf/lib/rv32imac/ilp32\libg_nano.a(lib_a-nano-mallocr.o)
                              d:/program/nucleistudio/toolchain/gcc/bin/../lib/gcc/riscv-nuclei-elf/9.2.0/../../../../riscv-nuclei-elf/lib/rv32imac/ilp32\libg_nano.a(lib_a-malloc.o) (_malloc_r)
d:/program/nucleistudio/toolchain/gcc/bin/../lib/gcc/riscv-nuclei-elf/9.2.0/../../../../riscv-nuclei-elf/lib/rv32imac/ilp32\libg_nano.a(lib_a-printf.o)
                              ./hbird_sdk/SoC/hbird/Common/Source/system_hbird.o (printf)
d:/program/nucleistudio/toolchain/gcc/bin/../lib/gcc/riscv-nuclei-elf/9.2.0/../../../../riscv-nuclei-elf/lib/rv32imac/ilp32\libg_nano.a(lib_a-putchar.o)
                              ./application/kshell.o (putchar)
d:/program/nucleistudio/toolchain/gcc/bin/../lib/gcc/riscv-nuclei-elf/9.2.0/../../../../riscv-nuclei-elf/lib/rv32imac/ilp32\libg_nano.a(lib_a-putc.o)
                              d:/program/nucleistudio/toolchain/gcc/bin/../lib/gcc/riscv-nuclei-elf/9.2.0/../../../../riscv-nuclei-elf/lib/rv32imac/ilp32\libg_nano.a(lib_a-putchar.o) (_putc_r)
d:/program/nucleistudio/toolchain/gcc/bin/../lib/gcc/riscv-nuclei-elf/9.2.0/../../../../riscv-nuclei-elf/lib/rv32imac/ilp32\libg_nano.a(lib_a-puts.o)
                              ./hbird_sdk/SoC/hbird/Common/Source/system_hbird.o (puts)
d:/program/nucleistudio/toolchain/gcc/bin/../lib/gcc/riscv-nuclei-elf/9.2.0/../../../../riscv-nuclei-elf/lib/rv32imac/ilp32\libg_nano.a(lib_a-reent.o)
                              ./hbird_sdk/SoC/hbird/Common/Source/Stubs/close.o (errno)
d:/program/nucleistudio/toolchain/gcc/bin/../lib/gcc/riscv-nuclei-elf/9.2.0/../../../../riscv-nuclei-elf/lib/rv32imac/ilp32\libg_nano.a(lib_a-sbrkr.o)
                              d:/program/nucleistudio/toolchain/gcc/bin/../lib/gcc/riscv-nuclei-elf/9.2.0/../../../../riscv-nuclei-elf/lib/rv32imac/ilp32\libg_nano.a(lib_a-nano-mallocr.o) (_sbrk_r)
d:/program/nucleistudio/toolchain/gcc/bin/../lib/gcc/riscv-nuclei-elf/9.2.0/../../../../riscv-nuclei-elf/lib/rv32imac/ilp32\libg_nano.a(lib_a-strcmp.o)
                              ./application/kshell.o (strcmp)
d:/program/nucleistudio/toolchain/gcc/bin/../lib/gcc/riscv-nuclei-elf/9.2.0/../../../../riscv-nuclei-elf/lib/rv32imac/ilp32\libg_nano.a(lib_a-strlen.o)
                              ./utils/src/parse_utils.o (strlen)
[...]
Memory Configuration

Name             Origin             Length             Attributes
ilm              0x0000000080000000 0x0000000000010000 axrl !w
ram              0x0000000090000000 0x0000000000010000 axw !rl
*default*        0x0000000000000000 0xffffffffffffffff

Linker script and memory map

LOAD ./utils/src/parse_utils.o
LOAD ./hbird_sdk/SoC/hbird/Common/Source/Stubs/clock_getres.o
LOAD ./hbird_sdk/SoC/hbird/Common/Source/Stubs/clock_gettime.o
LOAD ./hbird_sdk/SoC/hbird/Common/Source/Stubs/clock_settime.o
LOAD ./hbird_sdk/SoC/hbird/Common/Source/Stubs/close.o
LOAD ./hbird_sdk/SoC/hbird/Common/Source/Stubs/execve.o
LOAD ./hbird_sdk/SoC/hbird/Common/Source/Stubs/exit.o
LOAD ./hbird_sdk/SoC/hbird/Common/Source/Stubs/fork.o
LOAD ./hbird_sdk/SoC/hbird/Common/Source/Stubs/fstat.o
LOAD ./hbird_sdk/SoC/hbird/Common/Source/Stubs/getpid.o
LOAD ./hbird_sdk/SoC/hbird/Common/Source/Stubs/gettimeofday.o
LOAD ./hbird_sdk/SoC/hbird/Common/Source/Stubs/isatty.o
LOAD ./hbird_sdk/SoC/hbird/Common/Source/Stubs/kill.o
LOAD ./hbird_sdk/SoC/hbird/Common/Source/Stubs/link.o
LOAD ./hbird_sdk/SoC/hbird/Common/Source/Stubs/lseek.o
LOAD ./hbird_sdk/SoC/hbird/Common/Source/Stubs/open.o
LOAD ./hbird_sdk/SoC/hbird/Common/Source/Stubs/read.o
LOAD ./hbird_sdk/SoC/hbird/Common/Source/Stubs/sbrk.o
LOAD ./hbird_sdk/SoC/hbird/Common/Source/Stubs/stat.o
LOAD ./hbird_sdk/SoC/hbird/Common/Source/Stubs/times.o
LOAD ./hbird_sdk/SoC/hbird/Common/Source/Stubs/unlink.o
LOAD ./hbird_sdk/SoC/hbird/Common/Source/Stubs/wait.o
LOAD ./hbird_sdk/SoC/hbird/Common/Source/Stubs/write.o
LOAD ./hbird_sdk/SoC/hbird/Common/Source/GCC/intexc_hbird.o
LOAD ./hbird_sdk/SoC/hbird/Common/Source/GCC/startup_hbird.o
LOAD ./hbird_sdk/SoC/hbird/Common/Source/Drivers/custom_hbird_dma.o
LOAD ./hbird_sdk/SoC/hbird/Common/Source/Drivers/custom_hbird_hdmi.o
LOAD ./hbird_sdk/SoC/hbird/Common/Source/Drivers/hbird_gpio.o
LOAD ./hbird_sdk/SoC/hbird/Common/Source/Drivers/hbird_icb_mem.o
LOAD ./hbird_sdk/SoC/hbird/Common/Source/Drivers/hbird_uart.o
LOAD ./hbird_sdk/SoC/hbird/Common/Source/Drivers/htif.o
LOAD ./hbird_sdk/SoC/hbird/Common/Source/hbird_common.o
LOAD ./hbird_sdk/SoC/hbird/Common/Source/system_hbird.o
LOAD ./application/banner.o
LOAD ./application/kinpu.o
LOAD ./application/kshell.o
LOAD ./application/main.o
LOAD d:/program/nucleistudio/toolchain/gcc/bin/../lib/gcc/riscv-nuclei-elf/9.2.0/../../../../riscv-nuclei-elf/lib/rv32imac/ilp32\libstdc++.a
LOAD d:/program/nucleistudio/toolchain/gcc/bin/../lib/gcc/riscv-nuclei-elf/9.2.0/../../../../riscv-nuclei-elf/lib/rv32imac/ilp32\libstdc++.a
LOAD d:/program/nucleistudio/toolchain/gcc/bin/../lib/gcc/riscv-nuclei-elf/9.2.0/../../../../riscv-nuclei-elf/lib/rv32imac/ilp32\libm.a
LOAD d:/program/nucleistudio/toolchain/gcc/bin/../lib/gcc/riscv-nuclei-elf/9.2.0/rv32imac/ilp32\libgcc.a
LOAD d:/program/nucleistudio/toolchain/gcc/bin/../lib/gcc/riscv-nuclei-elf/9.2.0/../../../../riscv-nuclei-elf/lib/rv32imac/ilp32\libg_nano.a
LOAD d:/program/nucleistudio/toolchain/gcc/bin/../lib/gcc/riscv-nuclei-elf/9.2.0/../../../../riscv-nuclei-elf/lib/rv32imac/ilp32\libc_nano.a
LOAD d:/program/nucleistudio/toolchain/gcc/bin/../lib/gcc/riscv-nuclei-elf/9.2.0/rv32imac/ilp32\libgcc.a
START GROUP
LOAD d:/program/nucleistudio/toolchain/gcc/bin/../lib/gcc/riscv-nuclei-elf/9.2.0/rv32imac/ilp32\libgcc.a
LOAD d:/program/nucleistudio/toolchain/gcc/bin/../lib/gcc/riscv-nuclei-elf/9.2.0/../../../../riscv-nuclei-elf/lib/rv32imac/ilp32\libc_nano.a
LOAD d:/program/nucleistudio/toolchain/gcc/bin/../lib/gcc/riscv-nuclei-elf/9.2.0/../../../../riscv-nuclei-elf/lib/rv32imac/ilp32\libnosys.a
END GROUP
START GROUP
LOAD d:/program/nucleistudio/toolchain/gcc/bin/../lib/gcc/riscv-nuclei-elf/9.2.0/rv32imac/ilp32\libgcc.a
LOAD d:/program/nucleistudio/toolchain/gcc/bin/../lib/gcc/riscv-nuclei-elf/9.2.0/../../../../riscv-nuclei-elf/lib/rv32imac/ilp32\libc_nano.a
LOAD d:/program/nucleistudio/toolchain/gcc/bin/../lib/gcc/riscv-nuclei-elf/9.2.0/../../../../riscv-nuclei-elf/lib/rv32imac/ilp32\libnosys.a
END GROUP
                0x0000000000000800                __stack_size = DEFINED (__stack_size)?__stack_size:0x800

.init           0x0000000080000000       0xca
 *(.vtable)
 *(SORT_NONE(.init))
 .init          0x0000000080000000       0xca ./hbird_sdk/SoC/hbird/Common/Source/GCC/startup_hbird.o
                0x0000000080000000                _start

.ilalign        0x00000000800000ca        0x2
                0x00000000800000cc                . = ALIGN (0x4)
 *fill*         0x00000000800000ca        0x2 
                0x00000000800000cc                PROVIDE (_ilm_lma = .)

.ialign         0x00000000800000cc        0x0
                0x00000000800000cc                PROVIDE (_ilm = .)

.text           0x0000000080000100     0x2944
 *(.text.unlikely .text.unlikely.*)
 *(.text.startup .text.startup.*)
 *(.text .text.*)
 .text._close   0x0000000080000100       0x20 ./hbird_sdk/SoC/hbird/Common/Source/Stubs/close.o
                0x0000000080000100                _close
 .text._fstat   0x0000000080000120       0x44 ./hbird_sdk/SoC/hbird/Common/Source/Stubs/fstat.o
                0x0000000080000120                _fstat
 .text._isatty  0x0000000080000164       0x14 ./hbird_sdk/SoC/hbird/Common/Source/Stubs/isatty.o
                0x0000000080000164                _isatty
 .text._lseek   0x0000000080000178       0x1c ./hbird_sdk/SoC/hbird/Common/Source/Stubs/lseek.o
                0x0000000080000178                _lseek
 .text._read    0x0000000080000194       0x44 ./hbird_sdk/SoC/hbird/Common/Source/Stubs/read.o
                0x0000000080000194                _read
 .text._sbrk    0x00000000800001d8       0x7c ./hbird_sdk/SoC/hbird/Common/Source/Stubs/sbrk.o
                0x00000000800001d8                _sbrk
 .text._write   0x0000000080000254       0x88 ./hbird_sdk/SoC/hbird/Common/Source/Stubs/write.o
                0x0000000080000254                _write
 *fill*         0x00000000800002dc       0x24 
 .text.trap     0x0000000080000300       0x7c ./hbird_sdk/SoC/hbird/Common/Source/GCC/intexc_hbird.o
                0x0000000080000300                trap_entry
 .text.gpio_iof_config
                0x000000008000037c       0xbe ./hbird_sdk/SoC/hbird/Common/Source/Drivers/hbird_gpio.o
                0x000000008000037c                gpio_iof_config
 .text.uart_init
                0x000000008000043a       0x66 ./hbird_sdk/SoC/hbird/Common/Source/Drivers/hbird_uart.o
                0x000000008000043a                uart_init
 .text.uart_write
                0x00000000800004a0       0x42 ./hbird_sdk/SoC/hbird/Common/Source/Drivers/hbird_uart.o
                0x00000000800004a0                uart_write
 .text.uart_read
                0x00000000800004e2       0x40 ./hbird_sdk/SoC/hbird/Common/Source/Drivers/hbird_uart.o
                0x00000000800004e2                uart_read
 .text.get_timer_freq
                0x0000000080000522       0x10 ./hbird_sdk/SoC/hbird/Common/Source/hbird_common.o
 .text.measure_cpu_freq
                0x0000000080000532       0xce ./hbird_sdk/SoC/hbird/Common/Source/hbird_common.o
                0x0000000080000532                measure_cpu_freq
 .text.get_cpu_freq
                0x0000000080000600       0x24 ./hbird_sdk/SoC/hbird/Common/Source/hbird_common.o
                0x0000000080000600                get_cpu_freq
 .text.delay_1ms
                0x0000000080000624       0xb8 ./hbird_sdk/SoC/hbird/Common/Source/hbird_common.o
                0x0000000080000624                delay_1ms
 .text.SystemInit
                0x00000000800006dc       0x20 ./hbird_sdk/SoC/hbird/Common/Source/system_hbird.o
                0x00000000800006dc                SystemInit
 .text.system_default_exception_handler
                0x00000000800006fc       0x5a ./hbird_sdk/SoC/hbird/Common/Source/system_hbird.o
 .text.system_default_interrupt_handler
                0x0000000080000756       0x62 ./hbird_sdk/SoC/hbird/Common/Source/system_hbird.o
 .text.Exception_Init
                0x00000000800007b8       0x44 ./hbird_sdk/SoC/hbird/Common/Source/system_hbird.o
 .text.Interrupt_Init
                0x00000000800007fc       0x76 ./hbird_sdk/SoC/hbird/Common/Source/system_hbird.o
 .text.core_trap_handler
                0x0000000080000872      0x10c ./hbird_sdk/SoC/hbird/Common/Source/system_hbird.o
                0x0000000080000872                core_trap_handler
 .text.core_exception_handler
                0x000000008000097e       0x6c ./hbird_sdk/SoC/hbird/Common/Source/system_hbird.o
 .text.SystemBannerPrint
                0x00000000800009ea       0x7c ./hbird_sdk/SoC/hbird/Common/Source/system_hbird.o
                0x00000000800009ea                SystemBannerPrint
 .text._premain_init
                0x0000000080000a66      0x122 ./hbird_sdk/SoC/hbird/Common/Source/system_hbird.o
                0x0000000080000a66                _premain_init
 .text._postmain_fini
                0x0000000080000b88       0x12 ./hbird_sdk/SoC/hbird/Common/Source/system_hbird.o
                0x0000000080000b88                _postmain_fini
 .text._init    0x0000000080000b9a        0xe ./hbird_sdk/SoC/hbird/Common/Source/system_hbird.o
                0x0000000080000b9a                _init
 .text._fini    0x0000000080000ba8        0xe ./hbird_sdk/SoC/hbird/Common/Source/system_hbird.o
                0x0000000080000ba8                _fini
 .text.banner_print
                0x0000000080000bb6       0x1e ./application/banner.o
                0x0000000080000bb6                banner_print
 .text._kinpu_ifmap_reorder
                0x0000000080000bd4      0x122 ./application/kinpu.o
 .text._kinpu_ifmap_ibuf_datagen
                0x0000000080000cf6       0xbc ./application/kinpu.o
 .text._kinpu_set_channel
                0x0000000080000db2       0x60 ./application/kinpu.o
 .text._kinpu_init_channel
                0x0000000080000e12       0x5a ./application/kinpu.o
 .text.kinpu_init
                0x0000000080000e6c       0x34 ./application/kinpu.o
                0x0000000080000e6c                kinpu_init
 .text.kinpu_start_conv
                0x0000000080000ea0       0x4e ./application/kinpu.o
                0x0000000080000ea0                kinpu_start_conv
 .text.kinpu_clear
                0x0000000080000eee       0x4e ./application/kinpu.o
                0x0000000080000eee                kinpu_clear
 .text.kinpu_load_ifmap
                0x0000000080000f3c       0x94 ./application/kinpu.o
                0x0000000080000f3c                kinpu_load_ifmap
 .text.kinpu_load_filter
                0x0000000080000fd0       0x5e ./application/kinpu.o
                0x0000000080000fd0                kinpu_load_filter
 .text.kinpu_load_ofmap
                0x000000008000102e       0x66 ./application/kinpu.o
                0x000000008000102e                kinpu_load_ofmap
 .text.main     0x0000000080001094      0x1aa ./application/main.o
                0x0000000080001094                main
 .text          0x000000008000123e      0x364 d:/program/nucleistudio/toolchain/gcc/bin/../lib/gcc/riscv-nuclei-elf/9.2.0/rv32imac/ilp32\libgcc.a(_udivdi3.o)
                0x000000008000123e                __udivdi3
 .text.atexit   0x00000000800015a2        0xa d:/program/nucleistudio/toolchain/gcc/bin/../lib/gcc/riscv-nuclei-elf/9.2.0/../../../../riscv-nuclei-elf/lib/rv32imac/ilp32\libg_nano.a(lib_a-atexit.o)
                0x00000000800015a2                atexit
 .text.__libc_fini_array
                0x00000000800015ac       0x3a d:/program/nucleistudio/toolchain/gcc/bin/../lib/gcc/riscv-nuclei-elf/9.2.0/../../../../riscv-nuclei-elf/lib/rv32imac/ilp32\libg_nano.a(lib_a-fini.o)
                0x00000000800015ac                __libc_fini_array
 .text.__libc_init_array
                0x00000000800015e6       0x6e d:/program/nucleistudio/toolchain/gcc/bin/../lib/gcc/riscv-nuclei-elf/9.2.0/../../../../riscv-nuclei-elf/lib/rv32imac/ilp32\libg_nano.a(lib_a-init.o)
                0x00000000800015e6                __libc_init_array
 .text.memcpy   0x0000000080001654       0xd4 d:/program/nucleistudio/toolchain/gcc/bin/../lib/gcc/riscv-nuclei-elf/9.2.0/../../../../riscv-nuclei-elf/lib/rv32imac/ilp32\libg_nano.a(lib_a-memcpy.o)
                0x0000000080001654                memcpy
 .text          0x0000000080001728       0xa8 d:/program/nucleistudio/toolchain/gcc/bin/../lib/gcc/riscv-nuclei-elf/9.2.0/../../../../riscv-nuclei-elf/lib/rv32imac/ilp32\libg_nano.a(lib_a-memset.o)
                0x0000000080001728                memset
 .text._free_r  0x00000000800017d0       0xaa d:/program/nucleistudio/toolchain/gcc/bin/../lib/gcc/riscv-nuclei-elf/9.2.0/../../../../riscv-nuclei-elf/lib/rv32imac/ilp32\libg_nano.a(lib_a-nano-freer.o)
                0x00000000800017d0                _free_r
 .text._malloc_r
                0x000000008000187a       0xe0 d:/program/nucleistudio/toolchain/gcc/bin/../lib/gcc/riscv-nuclei-elf/9.2.0/../../../../riscv-nuclei-elf/lib/rv32imac/ilp32\libg_nano.a(lib_a-nano-mallocr.o)
                0x000000008000187a                _malloc_r
 .text.printf   0x000000008000195a       0x3a d:/program/nucleistudio/toolchain/gcc/bin/../lib/gcc/riscv-nuclei-elf/9.2.0/../../../../riscv-nuclei-elf/lib/rv32imac/ilp32\libg_nano.a(lib_a-printf.o)
                0x000000008000195a                iprintf
                0x000000008000195a                printf
 .text._puts_r  0x0000000080001994       0xda d:/program/nucleistudio/toolchain/gcc/bin/../lib/gcc/riscv-nuclei-elf/9.2.0/../../../../riscv-nuclei-elf/lib/rv32imac/ilp32\libg_nano.a(lib_a-puts.o)
                0x0000000080001994                _puts_r
 .text.puts     0x0000000080001a6e        0x8 d:/program/nucleistudio/toolchain/gcc/bin/../lib/gcc/riscv-nuclei-elf/9.2.0/../../../../riscv-nuclei-elf/lib/rv32imac/ilp32\libg_nano.a(lib_a-puts.o)
                0x0000000080001a6e                puts
 .text._sbrk_r  0x0000000080001a76       0x30 d:/program/nucleistudio/toolchain/gcc/bin/../lib/gcc/riscv-nuclei-elf/9.2.0/../../../../riscv-nuclei-elf/lib/rv32imac/ilp32\libg_nano.a(lib_a-sbrkr.o)
                0x0000000080001a76                _sbrk_r
 .text.isatty   0x0000000080001aa6        0x4 d:/program/nucleistudio/toolchain/gcc/bin/../lib/gcc/riscv-nuclei-elf/9.2.0/../../../../riscv-nuclei-elf/lib/rv32imac/ilp32\libg_nano.a(lib_a-sysisatty.o)
                0x0000000080001aa6                isatty
 .text.__swbuf_r
                0x0000000080001aaa       0xc0 d:/program/nucleistudio/toolchain/gcc/bin/../lib/gcc/riscv-nuclei-elf/9.2.0/../../../../riscv-nuclei-elf/lib/rv32imac/ilp32\libg_nano.a(lib_a-wbuf.o)
                0x0000000080001aaa                __swbuf_r
 .text.__swsetup_r
                0x0000000080001b6a      0x106 d:/program/nucleistudio/toolchain/gcc/bin/../lib/gcc/riscv-nuclei-elf/9.2.0/../../../../riscv-nuclei-elf/lib/rv32imac/ilp32\libg_nano.a(lib_a-wsetup.o)
                0x0000000080001b6a                __swsetup_r
 .text.__register_exitproc
                0x0000000080001c70       0x80 d:/program/nucleistudio/toolchain/gcc/bin/../lib/gcc/riscv-nuclei-elf/9.2.0/../../../../riscv-nuclei-elf/lib/rv32imac/ilp32\libg_nano.a(lib_a-__atexit.o)
                0x0000000080001c70                __register_exitproc
 .text.__sflush_r
                0x0000000080001cf0      0x14a d:/program/nucleistudio/toolchain/gcc/bin/../lib/gcc/riscv-nuclei-elf/9.2.0/../../../../riscv-nuclei-elf/lib/rv32imac/ilp32\libg_nano.a(lib_a-fflush.o)
                0x0000000080001cf0                __sflush_r
 .text._fflush_r
                0x0000000080001e3a       0x64 d:/program/nucleistudio/toolchain/gcc/bin/../lib/gcc/riscv-nuclei-elf/9.2.0/../../../../riscv-nuclei-elf/lib/rv32imac/ilp32\libg_nano.a(lib_a-fflush.o)
                0x0000000080001e3a                _fflush_r
 .text.std      0x0000000080001e9e       0x6a d:/program/nucleistudio/toolchain/gcc/bin/../lib/gcc/riscv-nuclei-elf/9.2.0/../../../../riscv-nuclei-elf/lib/rv32imac/ilp32\libg_nano.a(lib_a-findfp.o)
 .text._cleanup_r
                0x0000000080001f08        0xa d:/program/nucleistudio/toolchain/gcc/bin/../lib/gcc/riscv-nuclei-elf/9.2.0/../../../../riscv-nuclei-elf/lib/rv32imac/ilp32\libg_nano.a(lib_a-findfp.o)
                0x0000000080001f08                _cleanup_r
 .text.__sfmoreglue
                0x0000000080001f12       0x48 d:/program/nucleistudio/toolchain/gcc/bin/../lib/gcc/riscv-nuclei-elf/9.2.0/../../../../riscv-nuclei-elf/lib/rv32imac/ilp32\libg_nano.a(lib_a-findfp.o)
                0x0000000080001f12                __sfmoreglue
 .text.__sinit  0x0000000080001f5a       0x66 d:/program/nucleistudio/toolchain/gcc/bin/../lib/gcc/riscv-nuclei-elf/9.2.0/../../../../riscv-nuclei-elf/lib/rv32imac/ilp32\libg_nano.a(lib_a-findfp.o)
                0x0000000080001f5a                __sinit
 .text.__sfp    0x0000000080001fc0       0x9a d:/program/nucleistudio/toolchain/gcc/bin/../lib/gcc/riscv-nuclei-elf/9.2.0/../../../../riscv-nuclei-elf/lib/rv32imac/ilp32\libg_nano.a(lib_a-findfp.o)
                0x0000000080001fc0                __sfp
 .text._fwalk_reent
                0x000000008000205a       0x6a d:/program/nucleistudio/toolchain/gcc/bin/../lib/gcc/riscv-nuclei-elf/9.2.0/../../../../riscv-nuclei-elf/lib/rv32imac/ilp32\libg_nano.a(lib_a-fwalk.o)
                0x000000008000205a                _fwalk_reent
 .text.__swhatbuf_r
                0x00000000800020c4       0x5a d:/program/nucleistudio/toolchain/gcc/bin/../lib/gcc/riscv-nuclei-elf/9.2.0/../../../../riscv-nuclei-elf/lib/rv32imac/ilp32\libg_nano.a(lib_a-makebuf.o)
                0x00000000800020c4                __swhatbuf_r
 .text.__smakebuf_r
                0x000000008000211e       0x9e d:/program/nucleistudio/toolchain/gcc/bin/../lib/gcc/riscv-nuclei-elf/9.2.0/../../../../riscv-nuclei-elf/lib/rv32imac/ilp32\libg_nano.a(lib_a-makebuf.o)
                0x000000008000211e                __smakebuf_r
 .text.__malloc_lock
                0x00000000800021bc        0x2 d:/program/nucleistudio/toolchain/gcc/bin/../lib/gcc/riscv-nuclei-elf/9.2.0/../../../../riscv-nuclei-elf/lib/rv32imac/ilp32\libg_nano.a(lib_a-mlock.o)
                0x00000000800021bc                __malloc_lock
 .text.__malloc_unlock
                0x00000000800021be        0x2 d:/program/nucleistudio/toolchain/gcc/bin/../lib/gcc/riscv-nuclei-elf/9.2.0/../../../../riscv-nuclei-elf/lib/rv32imac/ilp32\libg_nano.a(lib_a-mlock.o)
                0x00000000800021be                __malloc_unlock
 .text.__sfputc_r
                0x00000000800021c0       0x2a d:/program/nucleistudio/toolchain/gcc/bin/../lib/gcc/riscv-nuclei-elf/9.2.0/../../../../riscv-nuclei-elf/lib/rv32imac/ilp32\libg_nano.a(lib_a-nano-vfprintf.o)
 .text.__sfputs_r
                0x00000000800021ea       0x42 d:/program/nucleistudio/toolchain/gcc/bin/../lib/gcc/riscv-nuclei-elf/9.2.0/../../../../riscv-nuclei-elf/lib/rv32imac/ilp32\libg_nano.a(lib_a-nano-vfprintf.o)
                0x00000000800021ea                __sfputs_r
 .text._vfprintf_r
                0x000000008000222c      0x298 d:/program/nucleistudio/toolchain/gcc/bin/../lib/gcc/riscv-nuclei-elf/9.2.0/../../../../riscv-nuclei-elf/lib/rv32imac/ilp32\libg_nano.a(lib_a-nano-vfprintf.o)
                0x000000008000222c                _vfprintf_r
                0x000000008000222c                _vfiprintf_r
 .text.__sread  0x00000000800024c4       0x30 d:/program/nucleistudio/toolchain/gcc/bin/../lib/gcc/riscv-nuclei-elf/9.2.0/../../../../riscv-nuclei-elf/lib/rv32imac/ilp32\libg_nano.a(lib_a-stdio.o)
                0x00000000800024c4                __sread
 .text.__swrite
                0x00000000800024f4       0x4e d:/program/nucleistudio/toolchain/gcc/bin/../lib/gcc/riscv-nuclei-elf/9.2.0/../../../../riscv-nuclei-elf/lib/rv32imac/ilp32\libg_nano.a(lib_a-stdio.o)
                0x00000000800024f4                __swrite
 .text.__sseek  0x0000000080002542       0x36 d:/program/nucleistudio/toolchain/gcc/bin/../lib/gcc/riscv-nuclei-elf/9.2.0/../../../../riscv-nuclei-elf/lib/rv32imac/ilp32\libg_nano.a(lib_a-stdio.o)
                0x0000000080002542                __sseek
 .text.__sclose
                0x0000000080002578        0x6 d:/program/nucleistudio/toolchain/gcc/bin/../lib/gcc/riscv-nuclei-elf/9.2.0/../../../../riscv-nuclei-elf/lib/rv32imac/ilp32\libg_nano.a(lib_a-stdio.o)
                0x0000000080002578                __sclose
 .text._write_r
                0x000000008000257e       0x34 d:/program/nucleistudio/toolchain/gcc/bin/../lib/gcc/riscv-nuclei-elf/9.2.0/../../../../riscv-nuclei-elf/lib/rv32imac/ilp32\libg_nano.a(lib_a-writer.o)
                0x000000008000257e                _write_r
 .text._close_r
                0x00000000800025b2       0x30 d:/program/nucleistudio/toolchain/gcc/bin/../lib/gcc/riscv-nuclei-elf/9.2.0/../../../../riscv-nuclei-elf/lib/rv32imac/ilp32\libg_nano.a(lib_a-closer.o)
                0x00000000800025b2                _close_r
 .text._fstat_r
                0x00000000800025e2       0x32 d:/program/nucleistudio/toolchain/gcc/bin/../lib/gcc/riscv-nuclei-elf/9.2.0/../../../../riscv-nuclei-elf/lib/rv32imac/ilp32\libg_nano.a(lib_a-fstatr.o)
                0x00000000800025e2                _fstat_r
 .text._isatty_r
                0x0000000080002614       0x30 d:/program/nucleistudio/toolchain/gcc/bin/../lib/gcc/riscv-nuclei-elf/9.2.0/../../../../riscv-nuclei-elf/lib/rv32imac/ilp32\libg_nano.a(lib_a-isattyr.o)
                0x0000000080002614                _isatty_r
 .text._lseek_r
                0x0000000080002644       0x34 d:/program/nucleistudio/toolchain/gcc/bin/../lib/gcc/riscv-nuclei-elf/9.2.0/../../../../riscv-nuclei-elf/lib/rv32imac/ilp32\libg_nano.a(lib_a-lseekr.o)
                0x0000000080002644                _lseek_r
 .text.memchr   0x0000000080002678       0x1a d:/program/nucleistudio/toolchain/gcc/bin/../lib/gcc/riscv-nuclei-elf/9.2.0/../../../../riscv-nuclei-elf/lib/rv32imac/ilp32\libg_nano.a(lib_a-memchr.o)
                0x0000000080002678                memchr
 .text._printf_common
                0x0000000080002692      0x10c d:/program/nucleistudio/toolchain/gcc/bin/../lib/gcc/riscv-nuclei-elf/9.2.0/../../../../riscv-nuclei-elf/lib/rv32imac/ilp32\libg_nano.a(lib_a-nano-vfprintf_i.o)
                0x0000000080002692                _printf_common
 .text._printf_i
                0x000000008000279e      0x272 d:/program/nucleistudio/toolchain/gcc/bin/../lib/gcc/riscv-nuclei-elf/9.2.0/../../../../riscv-nuclei-elf/lib/rv32imac/ilp32\libg_nano.a(lib_a-nano-vfprintf_i.o)
                0x000000008000279e                _printf_i
 .text._read_r  0x0000000080002a10       0x34 d:/program/nucleistudio/toolchain/gcc/bin/../lib/gcc/riscv-nuclei-elf/9.2.0/../../../../riscv-nuclei-elf/lib/rv32imac/ilp32\libg_nano.a(lib_a-readr.o)
                0x0000000080002a10                _read_r
 *(.gnu.linkonce.t.*)

.rodata         0x0000000080002a44      0xd00
                0x0000000080002a44                . = ALIGN (0x4)
 *(.rdata)
 *(.rodata .rodata.*)
 .rodata        0x0000000080002a44       0xdb ./hbird_sdk/SoC/hbird/Common/Source/system_hbird.o
 *fill*         0x0000000080002b1f        0x1 
 .rodata        0x0000000080002b20      0x91c ./application/banner.o
 .rodata        0x000000008000343c      0x113 ./application/main.o
 *fill*         0x000000008000354f        0x1 
 .rodata        0x0000000080003550      0x100 d:/program/nucleistudio/toolchain/gcc/bin/../lib/gcc/riscv-nuclei-elf/9.2.0/rv32imac/ilp32\libgcc.a(_clz.o)
                0x0000000080003550                __clz_tab
 .rodata.__sf_fake_stderr
                0x0000000080003650       0x20 d:/program/nucleistudio/toolchain/gcc/bin/../lib/gcc/riscv-nuclei-elf/9.2.0/../../../../riscv-nuclei-elf/lib/rv32imac/ilp32\libg_nano.a(lib_a-findfp.o)
                0x0000000080003650                __sf_fake_stderr
 .rodata.__sf_fake_stdin
                0x0000000080003670       0x20 d:/program/nucleistudio/toolchain/gcc/bin/../lib/gcc/riscv-nuclei-elf/9.2.0/../../../../riscv-nuclei-elf/lib/rv32imac/ilp32\libg_nano.a(lib_a-findfp.o)
                0x0000000080003670                __sf_fake_stdin
 .rodata.__sf_fake_stdout
                0x0000000080003690       0x20 d:/program/nucleistudio/toolchain/gcc/bin/../lib/gcc/riscv-nuclei-elf/9.2.0/../../../../riscv-nuclei-elf/lib/rv32imac/ilp32\libg_nano.a(lib_a-findfp.o)
                0x0000000080003690                __sf_fake_stdout
 .rodata._vfprintf_r.str1.4
                0x00000000800036b0       0x13 d:/program/nucleistudio/toolchain/gcc/bin/../lib/gcc/riscv-nuclei-elf/9.2.0/../../../../riscv-nuclei-elf/lib/rv32imac/ilp32\libg_nano.a(lib_a-nano-vfprintf.o)
 *fill*         0x00000000800036c3        0x1 
 .rodata._printf_i.str1.4
                0x00000000800036c4       0x28 d:/program/nucleistudio/toolchain/gcc/bin/../lib/gcc/riscv-nuclei-elf/9.2.0/../../../../riscv-nuclei-elf/lib/rv32imac/ilp32\libg_nano.a(lib_a-nano-vfprintf_i.o)
                                         0x25 (size before relaxing)
 .rodata._printf_i
                0x00000000800036ec       0x58 d:/program/nucleistudio/toolchain/gcc/bin/../lib/gcc/riscv-nuclei-elf/9.2.0/../../../../riscv-nuclei-elf/lib/rv32imac/ilp32\libg_nano.a(lib_a-nano-vfprintf_i.o)
                0x0000000080003744                . = ALIGN (0x4)
                0x0000000080003744                __rt_init_start = .
 *(SORT_BY_NAME(.rti_fn*))
                0x0000000080003744                __rt_init_end = .
                0x0000000080003744                . = ALIGN (0x4)
                0x0000000080003744                __fsymtab_start = .
 *(FSymTab)
                0x0000000080003744                __fsymtab_end = .
                0x0000000080003744                . = ALIGN (0x4)
                0x0000000080003744                __vsymtab_start = .
 *(VSymTab)
                0x0000000080003744                __vsymtab_end = .
 *(.gnu.linkonce.r.*)

.rela.dyn       0x0000000080003744        0x0
 .rela.text._close
                0x0000000080003744        0x0 ./hbird_sdk/SoC/hbird/Common/Source/Stubs/close.o
 .rela.text._fstat
                0x0000000080003744        0x0 ./hbird_sdk/SoC/hbird/Common/Source/Stubs/close.o
 .rela.sdata.curbrk.2704
                0x0000000080003744        0x0 ./hbird_sdk/SoC/hbird/Common/Source/Stubs/close.o
 .rela.text._sbrk
                0x0000000080003744        0x0 ./hbird_sdk/SoC/hbird/Common/Source/Stubs/close.o
 .rela.init     0x0000000080003744        0x0 ./hbird_sdk/SoC/hbird/Common/Source/Stubs/close.o
 .rela.text.__libc_fini_array
                0x0000000080003744        0x0 ./hbird_sdk/SoC/hbird/Common/Source/Stubs/close.o
 .rela.text.__libc_init_array
                0x0000000080003744        0x0 ./hbird_sdk/SoC/hbird/Common/Source/Stubs/close.o
 .rela.text._sbrk_r
                0x0000000080003744        0x0 ./hbird_sdk/SoC/hbird/Common/Source/Stubs/close.o
 .rela.text.isatty
                0x0000000080003744        0x0 ./hbird_sdk/SoC/hbird/Common/Source/Stubs/close.o
 .rela.text.__register_exitproc
                0x0000000080003744        0x0 ./hbird_sdk/SoC/hbird/Common/Source/Stubs/close.o
 .rela.text._vfprintf_r
                0x0000000080003744        0x0 ./hbird_sdk/SoC/hbird/Common/Source/Stubs/close.o
 .rela.text._write_r
                0x0000000080003744        0x0 ./hbird_sdk/SoC/hbird/Common/Source/Stubs/close.o
 .rela.text._close_r
                0x0000000080003744        0x0 ./hbird_sdk/SoC/hbird/Common/Source/Stubs/close.o
 .rela.text._fstat_r
                0x0000000080003744        0x0 ./hbird_sdk/SoC/hbird/Common/Source/Stubs/close.o
 .rela.text._isatty_r
                0x0000000080003744        0x0 ./hbird_sdk/SoC/hbird/Common/Source/Stubs/close.o
 .rela.text._lseek_r
                0x0000000080003744        0x0 ./hbird_sdk/SoC/hbird/Common/Source/Stubs/close.o
 .rela.text._read_r
                0x0000000080003744        0x0 ./hbird_sdk/SoC/hbird/Common/Source/Stubs/close.o

.fini
 *(SORT_NONE(.fini))
                0x0000000080003744                . = ALIGN (0x4)
                [!provide]                        PROVIDE (__etext = .)
                [!provide]                        PROVIDE (_etext = .)
                [!provide]                        PROVIDE (etext = .)
                0x0000000080003744                PROVIDE (_eilm = .)

.preinit_array  0x0000000080003744        0x0
                0x0000000080003744                PROVIDE (__preinit_array_start = .)
 *(.preinit_array)
                0x0000000080003744                PROVIDE (__preinit_array_end = .)

.init_array     0x0000000080003744        0x0
                0x0000000080003744                PROVIDE (__init_array_start = .)
 *(SORT_BY_INIT_PRIORITY(.init_array.*) SORT_BY_INIT_PRIORITY(.ctors.*))
 *(.init_array EXCLUDE_FILE(*crtend?.o *crtend.o *crtbegin?.o *crtbegin.o) .ctors)
                0x0000000080003744                PROVIDE (__init_array_end = .)

.fini_array     0x0000000080003744        0x0
                0x0000000080003744                PROVIDE (__fini_array_start = .)
 *(SORT_BY_INIT_PRIORITY(.fini_array.*) SORT_BY_INIT_PRIORITY(.dtors.*))
 *(.fini_array EXCLUDE_FILE(*crtend?.o *crtend.o *crtbegin?.o *crtbegin.o) .dtors)
                0x0000000080003744                PROVIDE (__fini_array_end = .)

.ctors
 *crtbegin.o(.ctors)
 *crtbegin?.o(.ctors)
 *(EXCLUDE_FILE(*crtend?.o *crtend.o) .ctors)
 *(SORT_BY_NAME(.ctors.*))
 *(.ctors)

.dtors
 *crtbegin.o(.dtors)
 *crtbegin?.o(.dtors)
 *(EXCLUDE_FILE(*crtend?.o *crtend.o) .dtors)
 *(SORT_BY_NAME(.dtors.*))
 *(.dtors)

.lalign         0x0000000080003744        0x0
                0x0000000080003744                . = ALIGN (0x4)
                0x0000000080003744                PROVIDE (_data_lma = .)

.dalign         0x0000000090000000        0x0 load address 0x0000000080003744
                0x0000000090000000                . = ALIGN (0x4)
                0x0000000090000000                PROVIDE (_data = .)

.data           0x0000000090000000       0x70 load address 0x0000000080003744
 *(.data .data.*)
 .data.impure_data
                0x0000000090000000       0x60 d:/program/nucleistudio/toolchain/gcc/bin/../lib/gcc/riscv-nuclei-elf/9.2.0/../../../../riscv-nuclei-elf/lib/rv32imac/ilp32\libg_nano.a(lib_a-impure.o)
 *(.gnu.linkonce.d.*)
                0x0000000090000060                . = ALIGN (0x8)
                0x0000000090000860                PROVIDE (__global_pointer$ = (. + 0x800))
 *(.sdata .sdata.* .sdata*)
 .sdata.curbrk.2704
                0x0000000090000060        0x4 ./hbird_sdk/SoC/hbird/Common/Source/Stubs/sbrk.o
 .sdata.SystemCoreClock
                0x0000000090000064        0x4 ./hbird_sdk/SoC/hbird/Common/Source/system_hbird.o
                0x0000000090000064                SystemCoreClock
 .sdata._impure_ptr
                0x0000000090000068        0x4 d:/program/nucleistudio/toolchain/gcc/bin/../lib/gcc/riscv-nuclei-elf/9.2.0/../../../../riscv-nuclei-elf/lib/rv32imac/ilp32\libg_nano.a(lib_a-impure.o)
                0x0000000090000068                _impure_ptr
 .sdata2._global_impure_ptr
                0x000000009000006c        0x4 d:/program/nucleistudio/toolchain/gcc/bin/../lib/gcc/riscv-nuclei-elf/9.2.0/../../../../riscv-nuclei-elf/lib/rv32imac/ilp32\libg_nano.a(lib_a-impure.o)
                0x000000009000006c                _global_impure_ptr
 *(.gnu.linkonce.s.*)
                0x0000000090000070                . = ALIGN (0x8)
 *(.srodata.cst16)
 *(.srodata.cst8)
 *(.srodata.cst4)
 *(.srodata.cst2)
 *(.srodata .srodata.*)
                0x0000000090000070                . = ALIGN (0x4)
                0x0000000090000070                PROVIDE (_edata = .)
                [!provide]                        PROVIDE (edata = .)
                [!provide]                        PROVIDE (_fbss = .)
                0x0000000090000070                PROVIDE (__bss_start = .)

.bss            0x0000000090000070     0x1dd0
 *(.sbss*)
 .sbss.__malloc_free_list
                0x0000000090000070        0x4 d:/program/nucleistudio/toolchain/gcc/bin/../lib/gcc/riscv-nuclei-elf/9.2.0/../../../../riscv-nuclei-elf/lib/rv32imac/ilp32\libg_nano.a(lib_a-nano-mallocr.o)
                0x0000000090000070                __malloc_free_list
 .sbss.__malloc_sbrk_start
                0x0000000090000074        0x4 d:/program/nucleistudio/toolchain/gcc/bin/../lib/gcc/riscv-nuclei-elf/9.2.0/../../../../riscv-nuclei-elf/lib/rv32imac/ilp32\libg_nano.a(lib_a-nano-mallocr.o)
                0x0000000090000074                __malloc_sbrk_start
 .sbss._global_atexit
                0x0000000090000078        0x4 d:/program/nucleistudio/toolchain/gcc/bin/../lib/gcc/riscv-nuclei-elf/9.2.0/../../../../riscv-nuclei-elf/lib/rv32imac/ilp32\libg_nano.a(lib_a-__call_atexit.o)
                0x0000000090000078                _global_atexit
 *(.gnu.linkonce.sb.*)
 *(.bss .bss.*)
 .bss.SystemExceptionHandlers
                0x000000009000007c       0x2c ./hbird_sdk/SoC/hbird/Common/Source/system_hbird.o
 .bss.SystemExtInterruptHandlers
                0x00000000900000a8       0xd4 ./hbird_sdk/SoC/hbird/Common/Source/system_hbird.o
 .bss.SystemCoreInterruptHandlers
                0x000000009000017c       0x28 ./hbird_sdk/SoC/hbird/Common/Source/system_hbird.o
 .bss.ifmap_buf_reorder
                0x00000000900001a4      0x400 ./application/kinpu.o
 .bss.ibuf_data
                0x00000000900005a4      0x400 ./application/kinpu.o
 .bss.ifmap_buf
                0x00000000900009a4      0x400 ./application/main.o
                0x00000000900009a4                ifmap_buf
 .bss.ofmap_buf
                0x0000000090000da4     0x1000 ./application/main.o
                0x0000000090000da4                ofmap_buf
 .bss.filter_buf
                0x0000000090001da4        0x9 ./application/main.o
                0x0000000090001da4                filter_buf
 *fill*         0x0000000090001dad        0x3 
 .bss._global_atexit0
                0x0000000090001db0       0x8c d:/program/nucleistudio/toolchain/gcc/bin/../lib/gcc/riscv-nuclei-elf/9.2.0/../../../../riscv-nuclei-elf/lib/rv32imac/ilp32\libg_nano.a(lib_a-__atexit.o)
 *(.gnu.linkonce.b.*)
 *(COMMON)
 COMMON         0x0000000090001e3c        0x4 d:/program/nucleistudio/toolchain/gcc/bin/../lib/gcc/riscv-nuclei-elf/9.2.0/../../../../riscv-nuclei-elf/lib/rv32imac/ilp32\libg_nano.a(lib_a-reent.o)
                0x0000000090001e3c                errno
                0x0000000090001e40                . = ALIGN (0x4)
                0x0000000090001e40                . = ALIGN (0x8)
                0x0000000090001e40                PROVIDE (_end = .)
                [!provide]                        PROVIDE (end = .)

.stack          0x000000009000f800      0x800 load address 0x0000000090001e40
                0x000000009000f800                PROVIDE (_heap_end = .)
                0x0000000000000800                . = __stack_size
 *fill*         0x000000009000f800      0x800 
                0x0000000090010000                PROVIDE (_sp = .)
OUTPUT(test_hbird.elf elf32-littleriscv)

.debug_info     0x0000000000000000     0x9b02
 .debug_info    0x0000000000000000      0x998 ./hbird_sdk/SoC/hbird/Common/Source/Stubs/close.o
 .debug_info    0x0000000000000998      0xc1e ./hbird_sdk/SoC/hbird/Common/Source/Stubs/fstat.o
 .debug_info    0x00000000000015b6      0x117 ./hbird_sdk/SoC/hbird/Common/Source/Stubs/isatty.o
 .debug_info    0x00000000000016cd      0x9b7 ./hbird_sdk/SoC/hbird/Common/Source/Stubs/lseek.o
 .debug_info    0x0000000000002084      0xabe ./hbird_sdk/SoC/hbird/Common/Source/Stubs/read.o
 .debug_info    0x0000000000002b42      0x15b ./hbird_sdk/SoC/hbird/Common/Source/Stubs/sbrk.o
 .debug_info    0x0000000000002c9d      0xae1 ./hbird_sdk/SoC/hbird/Common/Source/Stubs/write.o
 .debug_info    0x000000000000377e       0x26 ./hbird_sdk/SoC/hbird/Common/Source/GCC/intexc_hbird.o
 .debug_info    0x00000000000037a4       0x26 ./hbird_sdk/SoC/hbird/Common/Source/GCC/startup_hbird.o
 .debug_info    0x00000000000037ca      0x548 ./hbird_sdk/SoC/hbird/Common/Source/Drivers/hbird_gpio.o
 .debug_info    0x0000000000003d12      0x37e ./hbird_sdk/SoC/hbird/Common/Source/Drivers/hbird_uart.o
 .debug_info    0x0000000000004090      0x2f6 ./hbird_sdk/SoC/hbird/Common/Source/hbird_common.o
 .debug_info    0x0000000000004386     0x161d ./hbird_sdk/SoC/hbird/Common/Source/system_hbird.o
 .debug_info    0x00000000000059a3      0xa07 ./application/banner.o
 .debug_info    0x00000000000063aa      0xe62 ./application/kinpu.o
 .debug_info    0x000000000000720c      0xb47 ./application/main.o
 .debug_info    0x0000000000007d53     0x1245 d:/program/nucleistudio/toolchain/gcc/bin/../lib/gcc/riscv-nuclei-elf/9.2.0/rv32imac/ilp32\libgcc.a(_udivdi3.o)
 .debug_info    0x0000000000008f98      0xb6a d:/program/nucleistudio/toolchain/gcc/bin/../lib/gcc/riscv-nuclei-elf/9.2.0/rv32imac/ilp32\libgcc.a(_clz.o)

.debug_abbrev   0x0000000000000000     0x1ec6
 .debug_abbrev  0x0000000000000000      0x1e7 ./hbird_sdk/SoC/hbird/Common/Source/Stubs/close.o
 .debug_abbrev  0x00000000000001e7      0x1fa ./hbird_sdk/SoC/hbird/Common/Source/Stubs/fstat.o
 .debug_abbrev  0x00000000000003e1       0x82 ./hbird_sdk/SoC/hbird/Common/Source/Stubs/isatty.o
 .debug_abbrev  0x0000000000000463      0x1e7 ./hbird_sdk/SoC/hbird/Common/Source/Stubs/lseek.o
 .debug_abbrev  0x000000000000064a      0x212 ./hbird_sdk/SoC/hbird/Common/Source/Stubs/read.o
 .debug_abbrev  0x000000000000085c       0xa8 ./hbird_sdk/SoC/hbird/Common/Source/Stubs/sbrk.o
 .debug_abbrev  0x0000000000000904      0x231 ./hbird_sdk/SoC/hbird/Common/Source/Stubs/write.o
 .debug_abbrev  0x0000000000000b35       0x14 ./hbird_sdk/SoC/hbird/Common/Source/GCC/intexc_hbird.o
 .debug_abbrev  0x0000000000000b49       0x14 ./hbird_sdk/SoC/hbird/Common/Source/GCC/startup_hbird.o
 .debug_abbrev  0x0000000000000b5d       0xf4 ./hbird_sdk/SoC/hbird/Common/Source/Drivers/hbird_gpio.o
 .debug_abbrev  0x0000000000000c51      0x138 ./hbird_sdk/SoC/hbird/Common/Source/Drivers/hbird_uart.o
 .debug_abbrev  0x0000000000000d89      0x177 ./hbird_sdk/SoC/hbird/Common/Source/hbird_common.o
 .debug_abbrev  0x0000000000000f00      0x485 ./hbird_sdk/SoC/hbird/Common/Source/system_hbird.o
 .debug_abbrev  0x0000000000001385      0x1e3 ./application/banner.o
 .debug_abbrev  0x0000000000001568      0x27a ./application/kinpu.o
 .debug_abbrev  0x00000000000017e2      0x230 ./application/main.o
 .debug_abbrev  0x0000000000001a12      0x2cc d:/program/nucleistudio/toolchain/gcc/bin/../lib/gcc/riscv-nuclei-elf/9.2.0/rv32imac/ilp32\libgcc.a(_udivdi3.o)
 .debug_abbrev  0x0000000000001cde      0x1e8 d:/program/nucleistudio/toolchain/gcc/bin/../lib/gcc/riscv-nuclei-elf/9.2.0/rv32imac/ilp32\libgcc.a(_clz.o)

.debug_aranges  0x0000000000000000      0x3d8
 .debug_aranges
                0x0000000000000000       0x20 ./hbird_sdk/SoC/hbird/Common/Source/Stubs/close.o
 .debug_aranges
                0x0000000000000020       0x20 ./hbird_sdk/SoC/hbird/Common/Source/Stubs/fstat.o
 .debug_aranges
                0x0000000000000040       0x20 ./hbird_sdk/SoC/hbird/Common/Source/Stubs/isatty.o
 .debug_aranges
                0x0000000000000060       0x20 ./hbird_sdk/SoC/hbird/Common/Source/Stubs/lseek.o
 .debug_aranges
                0x0000000000000080       0x20 ./hbird_sdk/SoC/hbird/Common/Source/Stubs/read.o
 .debug_aranges
                0x00000000000000a0       0x20 ./hbird_sdk/SoC/hbird/Common/Source/Stubs/sbrk.o
 .debug_aranges
                0x00000000000000c0       0x20 ./hbird_sdk/SoC/hbird/Common/Source/Stubs/write.o
 .debug_aranges
                0x00000000000000e0       0x20 ./hbird_sdk/SoC/hbird/Common/Source/GCC/intexc_hbird.o
 .debug_aranges
                0x0000000000000100       0x20 ./hbird_sdk/SoC/hbird/Common/Source/GCC/startup_hbird.o
 .debug_aranges
                0x0000000000000120       0x78 ./hbird_sdk/SoC/hbird/Common/Source/Drivers/hbird_gpio.o
 .debug_aranges
                0x0000000000000198       0x68 ./hbird_sdk/SoC/hbird/Common/Source/Drivers/hbird_uart.o
 .debug_aranges
                0x0000000000000200       0x38 ./hbird_sdk/SoC/hbird/Common/Source/hbird_common.o
 .debug_aranges
                0x0000000000000238       0xc0 ./hbird_sdk/SoC/hbird/Common/Source/system_hbird.o
 .debug_aranges
                0x00000000000002f8       0x20 ./application/banner.o
 .debug_aranges
                0x0000000000000318       0x68 ./application/kinpu.o
 .debug_aranges
                0x0000000000000380       0x20 ./application/main.o
 .debug_aranges
                0x00000000000003a0       0x20 d:/program/nucleistudio/toolchain/gcc/bin/../lib/gcc/riscv-nuclei-elf/9.2.0/rv32imac/ilp32\libgcc.a(_udivdi3.o)
 .debug_aranges
                0x00000000000003c0       0x18 d:/program/nucleistudio/toolchain/gcc/bin/../lib/gcc/riscv-nuclei-elf/9.2.0/rv32imac/ilp32\libgcc.a(_clz.o)

.debug_ranges   0x0000000000000000      0x370
 .debug_ranges  0x0000000000000000       0x10 ./hbird_sdk/SoC/hbird/Common/Source/Stubs/close.o
 .debug_ranges  0x0000000000000010       0x10 ./hbird_sdk/SoC/hbird/Common/Source/Stubs/fstat.o
 .debug_ranges  0x0000000000000020       0x10 ./hbird_sdk/SoC/hbird/Common/Source/Stubs/isatty.o
 .debug_ranges  0x0000000000000030       0x10 ./hbird_sdk/SoC/hbird/Common/Source/Stubs/lseek.o
 .debug_ranges  0x0000000000000040       0x10 ./hbird_sdk/SoC/hbird/Common/Source/Stubs/read.o
 .debug_ranges  0x0000000000000050       0x10 ./hbird_sdk/SoC/hbird/Common/Source/Stubs/sbrk.o
 .debug_ranges  0x0000000000000060       0x10 ./hbird_sdk/SoC/hbird/Common/Source/Stubs/write.o
 .debug_ranges  0x0000000000000070       0x68 ./hbird_sdk/SoC/hbird/Common/Source/Drivers/hbird_gpio.o
 .debug_ranges  0x00000000000000d8       0x58 ./hbird_sdk/SoC/hbird/Common/Source/Drivers/hbird_uart.o
 .debug_ranges  0x0000000000000130       0x28 ./hbird_sdk/SoC/hbird/Common/Source/hbird_common.o
 .debug_ranges  0x0000000000000158       0xb0 ./hbird_sdk/SoC/hbird/Common/Source/system_hbird.o
 .debug_ranges  0x0000000000000208       0x10 ./application/banner.o
 .debug_ranges  0x0000000000000218       0x58 ./application/kinpu.o
 .debug_ranges  0x0000000000000270       0x10 ./application/main.o
 .debug_ranges  0x0000000000000280       0xf0 d:/program/nucleistudio/toolchain/gcc/bin/../lib/gcc/riscv-nuclei-elf/9.2.0/rv32imac/ilp32\libgcc.a(_udivdi3.o)

.debug_line     0x0000000000000000     0x445c
 .debug_line    0x0000000000000000      0x207 ./hbird_sdk/SoC/hbird/Common/Source/Stubs/close.o
 .debug_line    0x0000000000000207      0x2a5 ./hbird_sdk/SoC/hbird/Common/Source/Stubs/fstat.o
 .debug_line    0x00000000000004ac      0x187 ./hbird_sdk/SoC/hbird/Common/Source/Stubs/isatty.o
 .debug_line    0x0000000000000633      0x1ff ./hbird_sdk/SoC/hbird/Common/Source/Stubs/lseek.o
 .debug_line    0x0000000000000832      0x24a ./hbird_sdk/SoC/hbird/Common/Source/Stubs/read.o
 .debug_line    0x0000000000000a7c      0x21e ./hbird_sdk/SoC/hbird/Common/Source/Stubs/sbrk.o
 .debug_line    0x0000000000000c9a      0x299 ./hbird_sdk/SoC/hbird/Common/Source/Stubs/write.o
 .debug_line    0x0000000000000f33       0x93 ./hbird_sdk/SoC/hbird/Common/Source/GCC/intexc_hbird.o
 .debug_line    0x0000000000000fc6      0x165 ./hbird_sdk/SoC/hbird/Common/Source/GCC/startup_hbird.o
 .debug_line    0x000000000000112b      0x6bd ./hbird_sdk/SoC/hbird/Common/Source/Drivers/hbird_gpio.o
 .debug_line    0x00000000000017e8      0x4d5 ./hbird_sdk/SoC/hbird/Common/Source/Drivers/hbird_uart.o
 .debug_line    0x0000000000001cbd      0x378 ./hbird_sdk/SoC/hbird/Common/Source/hbird_common.o
 .debug_line    0x0000000000002035      0xa08 ./hbird_sdk/SoC/hbird/Common/Source/system_hbird.o
 .debug_line    0x0000000000002a3d      0x289 ./application/banner.o
 .debug_line    0x0000000000002cc6      0x716 ./application/kinpu.o
 .debug_line    0x00000000000033dc      0x422 ./application/main.o
 .debug_line    0x00000000000037fe      0x9a6 d:/program/nucleistudio/toolchain/gcc/bin/../lib/gcc/riscv-nuclei-elf/9.2.0/rv32imac/ilp32\libgcc.a(_udivdi3.o)
 .debug_line    0x00000000000041a4      0x2b8 d:/program/nucleistudio/toolchain/gcc/bin/../lib/gcc/riscv-nuclei-elf/9.2.0/rv32imac/ilp32\libgcc.a(_clz.o)

.debug_str      0x0000000000000000     0x1cc2
 .debug_str     0x0000000000000000      0x524 ./hbird_sdk/SoC/hbird/Common/Source/Stubs/close.o
                                        0x5ba (size before relaxing)
 .debug_str     0x0000000000000524      0x17a ./hbird_sdk/SoC/hbird/Common/Source/Stubs/fstat.o
                                        0x752 (size before relaxing)
 .debug_str     0x000000000000069e       0x3c ./hbird_sdk/SoC/hbird/Common/Source/Stubs/isatty.o
                                        0x1eb (size before relaxing)
 .debug_str     0x00000000000006da       0x41 ./hbird_sdk/SoC/hbird/Common/Source/Stubs/lseek.o
                                        0x5d4 (size before relaxing)
 .debug_str     0x000000000000071b       0x6d ./hbird_sdk/SoC/hbird/Common/Source/Stubs/read.o
                                        0x632 (size before relaxing)
 .debug_str     0x0000000000000788       0x58 ./hbird_sdk/SoC/hbird/Common/Source/Stubs/sbrk.o
                                        0x20c (size before relaxing)
 .debug_str     0x00000000000007e0       0x3c ./hbird_sdk/SoC/hbird/Common/Source/Stubs/write.o
                                        0x634 (size before relaxing)
 .debug_str     0x000000000000081c       0x44 ./hbird_sdk/SoC/hbird/Common/Source/GCC/intexc_hbird.o
                                         0x71 (size before relaxing)
 .debug_str     0x0000000000000860       0x39 ./hbird_sdk/SoC/hbird/Common/Source/GCC/startup_hbird.o
                                         0x72 (size before relaxing)
 .debug_str     0x0000000000000899      0x232 ./hbird_sdk/SoC/hbird/Common/Source/Drivers/hbird_gpio.o
                                        0x3c7 (size before relaxing)
 .debug_str     0x0000000000000acb      0x135 ./hbird_sdk/SoC/hbird/Common/Source/Drivers/hbird_uart.o
                                        0x311 (size before relaxing)
 .debug_str     0x0000000000000c00      0x114 ./hbird_sdk/SoC/hbird/Common/Source/hbird_common.o
                                        0x2a9 (size before relaxing)
 .debug_str     0x0000000000000d14      0x810 ./hbird_sdk/SoC/hbird/Common/Source/system_hbird.o
                                        0xeb0 (size before relaxing)
 .debug_str     0x0000000000001524       0x93 ./application/banner.o
                                        0x5e7 (size before relaxing)
 .debug_str     0x00000000000015b7      0x295 ./application/kinpu.o
                                        0x82f (size before relaxing)
 .debug_str     0x000000000000184c       0x2f ./application/main.o
                                        0x6b7 (size before relaxing)
 .debug_str     0x000000000000187b      0x3a5 d:/program/nucleistudio/toolchain/gcc/bin/../lib/gcc/riscv-nuclei-elf/9.2.0/rv32imac/ilp32\libgcc.a(_udivdi3.o)
                                        0x8a7 (size before relaxing)
 .debug_str     0x0000000000001c20       0xa2 d:/program/nucleistudio/toolchain/gcc/bin/../lib/gcc/riscv-nuclei-elf/9.2.0/rv32imac/ilp32\libgcc.a(_clz.o)
                                        0x7ee (size before relaxing)

.comment        0x0000000000000000       0x11
 .comment       0x0000000000000000       0x11 ./hbird_sdk/SoC/hbird/Common/Source/Stubs/close.o
                                         0x12 (size before relaxing)
 .comment       0x0000000000000011       0x12 ./hbird_sdk/SoC/hbird/Common/Source/Stubs/fstat.o
 .comment       0x0000000000000011       0x12 ./hbird_sdk/SoC/hbird/Common/Source/Stubs/isatty.o
 .comment       0x0000000000000011       0x12 ./hbird_sdk/SoC/hbird/Common/Source/Stubs/lseek.o
 .comment       0x0000000000000011       0x12 ./hbird_sdk/SoC/hbird/Common/Source/Stubs/read.o
 .comment       0x0000000000000011       0x12 ./hbird_sdk/SoC/hbird/Common/Source/Stubs/sbrk.o
 .comment       0x0000000000000011       0x12 ./hbird_sdk/SoC/hbird/Common/Source/Stubs/write.o
 .comment       0x0000000000000011       0x12 ./hbird_sdk/SoC/hbird/Common/Source/Drivers/hbird_gpio.o
 .comment       0x0000000000000011       0x12 ./hbird_sdk/SoC/hbird/Common/Source/Drivers/hbird_uart.o
 .comment       0x0000000000000011       0x12 ./hbird_sdk/SoC/hbird/Common/Source/hbird_common.o
 .comment       0x0000000000000011       0x12 ./hbird_sdk/SoC/hbird/Common/Source/system_hbird.o
 .comment       0x0000000000000011       0x12 ./application/banner.o
 .comment       0x0000000000000011       0x12 ./application/kinpu.o
 .comment       0x0000000000000011       0x12 ./application/main.o
 .comment       0x0000000000000011       0x12 d:/program/nucleistudio/toolchain/gcc/bin/../lib/gcc/riscv-nuclei-elf/9.2.0/rv32imac/ilp32\libgcc.a(_udivdi3.o)
 .comment       0x0000000000000011       0x12 d:/program/nucleistudio/toolchain/gcc/bin/../lib/gcc/riscv-nuclei-elf/9.2.0/rv32imac/ilp32\libgcc.a(_clz.o)
 .comment       0x0000000000000011       0x12 d:/program/nucleistudio/toolchain/gcc/bin/../lib/gcc/riscv-nuclei-elf/9.2.0/../../../../riscv-nuclei-elf/lib/rv32imac/ilp32\libg_nano.a(lib_a-atexit.o)
 .comment       0x0000000000000011       0x12 d:/program/nucleistudio/toolchain/gcc/bin/../lib/gcc/riscv-nuclei-elf/9.2.0/../../../../riscv-nuclei-elf/lib/rv32imac/ilp32\libg_nano.a(lib_a-fini.o)
 .comment       0x0000000000000011       0x12 d:/program/nucleistudio/toolchain/gcc/bin/../lib/gcc/riscv-nuclei-elf/9.2.0/../../../../riscv-nuclei-elf/lib/rv32imac/ilp32\libg_nano.a(lib_a-init.o)
 .comment       0x0000000000000011       0x12 d:/program/nucleistudio/toolchain/gcc/bin/../lib/gcc/riscv-nuclei-elf/9.2.0/../../../../riscv-nuclei-elf/lib/rv32imac/ilp32\libg_nano.a(lib_a-memcpy.o)
 .comment       0x0000000000000011       0x12 d:/program/nucleistudio/toolchain/gcc/bin/../lib/gcc/riscv-nuclei-elf/9.2.0/../../../../riscv-nuclei-elf/lib/rv32imac/ilp32\libg_nano.a(lib_a-nano-freer.o)
 .comment       0x0000000000000011       0x12 d:/program/nucleistudio/toolchain/gcc/bin/../lib/gcc/riscv-nuclei-elf/9.2.0/../../../../riscv-nuclei-elf/lib/rv32imac/ilp32\libg_nano.a(lib_a-nano-mallocr.o)
 .comment       0x0000000000000011       0x12 d:/program/nucleistudio/toolchain/gcc/bin/../lib/gcc/riscv-nuclei-elf/9.2.0/../../../../riscv-nuclei-elf/lib/rv32imac/ilp32\libg_nano.a(lib_a-printf.o)
 .comment       0x0000000000000011       0x12 d:/program/nucleistudio/toolchain/gcc/bin/../lib/gcc/riscv-nuclei-elf/9.2.0/../../../../riscv-nuclei-elf/lib/rv32imac/ilp32\libg_nano.a(lib_a-puts.o)
 .comment       0x0000000000000011       0x12 d:/program/nucleistudio/toolchain/gcc/bin/../lib/gcc/riscv-nuclei-elf/9.2.0/../../../../riscv-nuclei-elf/lib/rv32imac/ilp32\libg_nano.a(lib_a-reent.o)
 .comment       0x0000000000000011       0x12 d:/program/nucleistudio/toolchain/gcc/bin/../lib/gcc/riscv-nuclei-elf/9.2.0/../../../../riscv-nuclei-elf/lib/rv32imac/ilp32\libg_nano.a(lib_a-sbrkr.o)
 .comment       0x0000000000000011       0x12 d:/program/nucleistudio/toolchain/gcc/bin/../lib/gcc/riscv-nuclei-elf/9.2.0/../../../../riscv-nuclei-elf/lib/rv32imac/ilp32\libg_nano.a(lib_a-sysisatty.o)
 .comment       0x0000000000000011       0x12 d:/program/nucleistudio/toolchain/gcc/bin/../lib/gcc/riscv-nuclei-elf/9.2.0/../../../../riscv-nuclei-elf/lib/rv32imac/ilp32\libg_nano.a(lib_a-wbuf.o)
 .comment       0x0000000000000011       0x12 d:/program/nucleistudio/toolchain/gcc/bin/../lib/gcc/riscv-nuclei-elf/9.2.0/../../../../riscv-nuclei-elf/lib/rv32imac/ilp32\libg_nano.a(lib_a-wsetup.o)
 .comment       0x0000000000000011       0x12 d:/program/nucleistudio/toolchain/gcc/bin/../lib/gcc/riscv-nuclei-elf/9.2.0/../../../../riscv-nuclei-elf/lib/rv32imac/ilp32\libg_nano.a(lib_a-__atexit.o)
 .comment       0x0000000000000011       0x12 d:/program/nucleistudio/toolchain/gcc/bin/../lib/gcc/riscv-nuclei-elf/9.2.0/../../../../riscv-nuclei-elf/lib/rv32imac/ilp32\libg_nano.a(lib_a-__call_atexit.o)
 .comment       0x0000000000000011       0x12 d:/program/nucleistudio/toolchain/gcc/bin/../lib/gcc/riscv-nuclei-elf/9.2.0/../../../../riscv-nuclei-elf/lib/rv32imac/ilp32\libg_nano.a(lib_a-fflush.o)
 .comment       0x0000000000000011       0x12 d:/program/nucleistudio/toolchain/gcc/bin/../lib/gcc/riscv-nuclei-elf/9.2.0/../../../../riscv-nuclei-elf/lib/rv32imac/ilp32\libg_nano.a(lib_a-findfp.o)
 .comment       0x0000000000000011       0x12 d:/program/nucleistudio/toolchain/gcc/bin/../lib/gcc/riscv-nuclei-elf/9.2.0/../../../../riscv-nuclei-elf/lib/rv32imac/ilp32\libg_nano.a(lib_a-fwalk.o)
 .comment       0x0000000000000011       0x12 d:/program/nucleistudio/toolchain/gcc/bin/../lib/gcc/riscv-nuclei-elf/9.2.0/../../../../riscv-nuclei-elf/lib/rv32imac/ilp32\libg_nano.a(lib_a-impure.o)
 .comment       0x0000000000000011       0x12 d:/program/nucleistudio/toolchain/gcc/bin/../lib/gcc/riscv-nuclei-elf/9.2.0/../../../../riscv-nuclei-elf/lib/rv32imac/ilp32\libg_nano.a(lib_a-makebuf.o)
 .comment       0x0000000000000011       0x12 d:/program/nucleistudio/toolchain/gcc/bin/../lib/gcc/riscv-nuclei-elf/9.2.0/../../../../riscv-nuclei-elf/lib/rv32imac/ilp32\libg_nano.a(lib_a-mlock.o)
 .comment       0x0000000000000011       0x12 d:/program/nucleistudio/toolchain/gcc/bin/../lib/gcc/riscv-nuclei-elf/9.2.0/../../../../riscv-nuclei-elf/lib/rv32imac/ilp32\libg_nano.a(lib_a-nano-vfprintf.o)
 .comment       0x0000000000000011       0x12 d:/program/nucleistudio/toolchain/gcc/bin/../lib/gcc/riscv-nuclei-elf/9.2.0/../../../../riscv-nuclei-elf/lib/rv32imac/ilp32\libg_nano.a(lib_a-stdio.o)
 .comment       0x0000000000000011       0x12 d:/program/nucleistudio/toolchain/gcc/bin/../lib/gcc/riscv-nuclei-elf/9.2.0/../../../../riscv-nuclei-elf/lib/rv32imac/ilp32\libg_nano.a(lib_a-writer.o)
 .comment       0x0000000000000011       0x12 d:/program/nucleistudio/toolchain/gcc/bin/../lib/gcc/riscv-nuclei-elf/9.2.0/../../../../riscv-nuclei-elf/lib/rv32imac/ilp32\libg_nano.a(lib_a-closer.o)
 .comment       0x0000000000000011       0x12 d:/program/nucleistudio/toolchain/gcc/bin/../lib/gcc/riscv-nuclei-elf/9.2.0/../../../../riscv-nuclei-elf/lib/rv32imac/ilp32\libg_nano.a(lib_a-fstatr.o)
 .comment       0x0000000000000011       0x12 d:/program/nucleistudio/toolchain/gcc/bin/../lib/gcc/riscv-nuclei-elf/9.2.0/../../../../riscv-nuclei-elf/lib/rv32imac/ilp32\libg_nano.a(lib_a-isattyr.o)
 .comment       0x0000000000000011       0x12 d:/program/nucleistudio/toolchain/gcc/bin/../lib/gcc/riscv-nuclei-elf/9.2.0/../../../../riscv-nuclei-elf/lib/rv32imac/ilp32\libg_nano.a(lib_a-lseekr.o)
 .comment       0x0000000000000011       0x12 d:/program/nucleistudio/toolchain/gcc/bin/../lib/gcc/riscv-nuclei-elf/9.2.0/../../../../riscv-nuclei-elf/lib/rv32imac/ilp32\libg_nano.a(lib_a-memchr.o)
 .comment       0x0000000000000011       0x12 d:/program/nucleistudio/toolchain/gcc/bin/../lib/gcc/riscv-nuclei-elf/9.2.0/../../../../riscv-nuclei-elf/lib/rv32imac/ilp32\libg_nano.a(lib_a-nano-vfprintf_i.o)
 .comment       0x0000000000000011       0x12 d:/program/nucleistudio/toolchain/gcc/bin/../lib/gcc/riscv-nuclei-elf/9.2.0/../../../../riscv-nuclei-elf/lib/rv32imac/ilp32\libg_nano.a(lib_a-readr.o)

.riscv.attributes
                0x0000000000000000       0x2b
 .riscv.attributes
                0x0000000000000000       0x2b ./hbird_sdk/SoC/hbird/Common/Source/Stubs/close.o
 .riscv.attributes
                0x000000000000002b       0x2b ./hbird_sdk/SoC/hbird/Common/Source/Stubs/fstat.o
 .riscv.attributes
                0x0000000000000056       0x2b ./hbird_sdk/SoC/hbird/Common/Source/Stubs/isatty.o
 .riscv.attributes
                0x0000000000000081       0x2b ./hbird_sdk/SoC/hbird/Common/Source/Stubs/lseek.o
 .riscv.attributes
                0x00000000000000ac       0x2b ./hbird_sdk/SoC/hbird/Common/Source/Stubs/read.o
 .riscv.attributes
                0x00000000000000d7       0x2b ./hbird_sdk/SoC/hbird/Common/Source/Stubs/sbrk.o
 .riscv.attributes
                0x0000000000000102       0x2b ./hbird_sdk/SoC/hbird/Common/Source/Stubs/write.o
 .riscv.attributes
                0x000000000000012d       0x29 ./hbird_sdk/SoC/hbird/Common/Source/GCC/intexc_hbird.o
 .riscv.attributes
                0x0000000000000156       0x29 ./hbird_sdk/SoC/hbird/Common/Source/GCC/startup_hbird.o
 .riscv.attributes
                0x000000000000017f       0x2b ./hbird_sdk/SoC/hbird/Common/Source/Drivers/hbird_gpio.o
 .riscv.attributes
                0x00000000000001aa       0x2b ./hbird_sdk/SoC/hbird/Common/Source/Drivers/hbird_uart.o
 .riscv.attributes
                0x00000000000001d5       0x2b ./hbird_sdk/SoC/hbird/Common/Source/hbird_common.o
 .riscv.attributes
                0x0000000000000200       0x2b ./hbird_sdk/SoC/hbird/Common/Source/system_hbird.o
 .riscv.attributes
                0x000000000000022b       0x2b ./application/banner.o
 .riscv.attributes
                0x0000000000000256       0x2b ./application/kinpu.o
 .riscv.attributes
                0x0000000000000281       0x2b ./application/main.o
 .riscv.attributes
                0x00000000000002ac       0x2b d:/program/nucleistudio/toolchain/gcc/bin/../lib/gcc/riscv-nuclei-elf/9.2.0/rv32imac/ilp32\libgcc.a(_udivdi3.o)
 .riscv.attributes
                0x00000000000002d7       0x2b d:/program/nucleistudio/toolchain/gcc/bin/../lib/gcc/riscv-nuclei-elf/9.2.0/rv32imac/ilp32\libgcc.a(_clz.o)
 .riscv.attributes
                0x0000000000000302       0x2b d:/program/nucleistudio/toolchain/gcc/bin/../lib/gcc/riscv-nuclei-elf/9.2.0/../../../../riscv-nuclei-elf/lib/rv32imac/ilp32\libg_nano.a(lib_a-atexit.o)
 .riscv.attributes
                0x000000000000032d       0x2b d:/program/nucleistudio/toolchain/gcc/bin/../lib/gcc/riscv-nuclei-elf/9.2.0/../../../../riscv-nuclei-elf/lib/rv32imac/ilp32\libg_nano.a(lib_a-fini.o)
 .riscv.attributes
                0x0000000000000358       0x2b d:/program/nucleistudio/toolchain/gcc/bin/../lib/gcc/riscv-nuclei-elf/9.2.0/../../../../riscv-nuclei-elf/lib/rv32imac/ilp32\libg_nano.a(lib_a-init.o)
 .riscv.attributes
                0x0000000000000383       0x2b d:/program/nucleistudio/toolchain/gcc/bin/../lib/gcc/riscv-nuclei-elf/9.2.0/../../../../riscv-nuclei-elf/lib/rv32imac/ilp32\libg_nano.a(lib_a-memcpy.o)
 .riscv.attributes
                0x00000000000003ae       0x29 d:/program/nucleistudio/toolchain/gcc/bin/../lib/gcc/riscv-nuclei-elf/9.2.0/../../../../riscv-nuclei-elf/lib/rv32imac/ilp32\libg_nano.a(lib_a-memset.o)
 .riscv.attributes
                0x00000000000003d7       0x2b d:/program/nucleistudio/toolchain/gcc/bin/../lib/gcc/riscv-nuclei-elf/9.2.0/../../../../riscv-nuclei-elf/lib/rv32imac/ilp32\libg_nano.a(lib_a-nano-freer.o)
 .riscv.attributes
                0x0000000000000402       0x2b d:/program/nucleistudio/toolchain/gcc/bin/../lib/gcc/riscv-nuclei-elf/9.2.0/../../../../riscv-nuclei-elf/lib/rv32imac/ilp32\libg_nano.a(lib_a-nano-mallocr.o)
 .riscv.attributes
                0x000000000000042d       0x2b d:/program/nucleistudio/toolchain/gcc/bin/../lib/gcc/riscv-nuclei-elf/9.2.0/../../../../riscv-nuclei-elf/lib/rv32imac/ilp32\libg_nano.a(lib_a-printf.o)
 .riscv.attributes
                0x0000000000000458       0x2b d:/program/nucleistudio/toolchain/gcc/bin/../lib/gcc/riscv-nuclei-elf/9.2.0/../../../../riscv-nuclei-elf/lib/rv32imac/ilp32\libg_nano.a(lib_a-puts.o)
 .riscv.attributes
                0x0000000000000483       0x2b d:/program/nucleistudio/toolchain/gcc/bin/../lib/gcc/riscv-nuclei-elf/9.2.0/../../../../riscv-nuclei-elf/lib/rv32imac/ilp32\libg_nano.a(lib_a-reent.o)
 .riscv.attributes
                0x00000000000004ae       0x2b d:/program/nucleistudio/toolchain/gcc/bin/../lib/gcc/riscv-nuclei-elf/9.2.0/../../../../riscv-nuclei-elf/lib/rv32imac/ilp32\libg_nano.a(lib_a-sbrkr.o)
 .riscv.attributes
                0x00000000000004d9       0x2b d:/program/nucleistudio/toolchain/gcc/bin/../lib/gcc/riscv-nuclei-elf/9.2.0/../../../../riscv-nuclei-elf/lib/rv32imac/ilp32\libg_nano.a(lib_a-sysisatty.o)
 .riscv.attributes
                0x0000000000000504       0x2b d:/program/nucleistudio/toolchain/gcc/bin/../lib/gcc/riscv-nuclei-elf/9.2.0/../../../../riscv-nuclei-elf/lib/rv32imac/ilp32\libg_nano.a(lib_a-wbuf.o)
 .riscv.attributes
                0x000000000000052f       0x2b d:/program/nucleistudio/toolchain/gcc/bin/../lib/gcc/riscv-nuclei-elf/9.2.0/../../../../riscv-nuclei-elf/lib/rv32imac/ilp32\libg_nano.a(lib_a-wsetup.o)
 .riscv.attributes
                0x000000000000055a       0x2b d:/program/nucleistudio/toolchain/gcc/bin/../lib/gcc/riscv-nuclei-elf/9.2.0/../../../../riscv-nuclei-elf/lib/rv32imac/ilp32\libg_nano.a(lib_a-__atexit.o)
 .riscv.attributes
                0x0000000000000585       0x2b d:/program/nucleistudio/toolchain/gcc/bin/../lib/gcc/riscv-nuclei-elf/9.2.0/../../../../riscv-nuclei-elf/lib/rv32imac/ilp32\libg_nano.a(lib_a-__call_atexit.o)
 .riscv.attributes
                0x00000000000005b0       0x2b d:/program/nucleistudio/toolchain/gcc/bin/../lib/gcc/riscv-nuclei-elf/9.2.0/../../../../riscv-nuclei-elf/lib/rv32imac/ilp32\libg_nano.a(lib_a-fflush.o)
 .riscv.attributes
                0x00000000000005db       0x2b d:/program/nucleistudio/toolchain/gcc/bin/../lib/gcc/riscv-nuclei-elf/9.2.0/../../../../riscv-nuclei-elf/lib/rv32imac/ilp32\libg_nano.a(lib_a-findfp.o)
 .riscv.attributes
                0x0000000000000606       0x2b d:/program/nucleistudio/toolchain/gcc/bin/../lib/gcc/riscv-nuclei-elf/9.2.0/../../../../riscv-nuclei-elf/lib/rv32imac/ilp32\libg_nano.a(lib_a-fwalk.o)
 .riscv.attributes
                0x0000000000000631       0x2b d:/program/nucleistudio/toolchain/gcc/bin/../lib/gcc/riscv-nuclei-elf/9.2.0/../../../../riscv-nuclei-elf/lib/rv32imac/ilp32\libg_nano.a(lib_a-impure.o)
 .riscv.attributes
                0x000000000000065c       0x2b d:/program/nucleistudio/toolchain/gcc/bin/../lib/gcc/riscv-nuclei-elf/9.2.0/../../../../riscv-nuclei-elf/lib/rv32imac/ilp32\libg_nano.a(lib_a-makebuf.o)
 .riscv.attributes
                0x0000000000000687       0x2b d:/program/nucleistudio/toolchain/gcc/bin/../lib/gcc/riscv-nuclei-elf/9.2.0/../../../../riscv-nuclei-elf/lib/rv32imac/ilp32\libg_nano.a(lib_a-mlock.o)
 .riscv.attributes
                0x00000000000006b2       0x2b d:/program/nucleistudio/toolchain/gcc/bin/../lib/gcc/riscv-nuclei-elf/9.2.0/../../../../riscv-nuclei-elf/lib/rv32imac/ilp32\libg_nano.a(lib_a-nano-vfprintf.o)
 .riscv.attributes
                0x00000000000006dd       0x2b d:/program/nucleistudio/toolchain/gcc/bin/../lib/gcc/riscv-nuclei-elf/9.2.0/../../../../riscv-nuclei-elf/lib/rv32imac/ilp32\libg_nano.a(lib_a-stdio.o)
 .riscv.attributes
                0x0000000000000708       0x2b d:/program/nucleistudio/toolchain/gcc/bin/../lib/gcc/riscv-nuclei-elf/9.2.0/../../../../riscv-nuclei-elf/lib/rv32imac/ilp32\libg_nano.a(lib_a-writer.o)
 .riscv.attributes
                0x0000000000000733       0x2b d:/program/nucleistudio/toolchain/gcc/bin/../lib/gcc/riscv-nuclei-elf/9.2.0/../../../../riscv-nuclei-elf/lib/rv32imac/ilp32\libg_nano.a(lib_a-closer.o)
 .riscv.attributes
                0x000000000000075e       0x2b d:/program/nucleistudio/toolchain/gcc/bin/../lib/gcc/riscv-nuclei-elf/9.2.0/../../../../riscv-nuclei-elf/lib/rv32imac/ilp32\libg_nano.a(lib_a-fstatr.o)
 .riscv.attributes
                0x0000000000000789       0x2b d:/program/nucleistudio/toolchain/gcc/bin/../lib/gcc/riscv-nuclei-elf/9.2.0/../../../../riscv-nuclei-elf/lib/rv32imac/ilp32\libg_nano.a(lib_a-isattyr.o)
 .riscv.attributes
                0x00000000000007b4       0x2b d:/program/nucleistudio/toolchain/gcc/bin/../lib/gcc/riscv-nuclei-elf/9.2.0/../../../../riscv-nuclei-elf/lib/rv32imac/ilp32\libg_nano.a(lib_a-lseekr.o)
 .riscv.attributes
                0x00000000000007df       0x2b d:/program/nucleistudio/toolchain/gcc/bin/../lib/gcc/riscv-nuclei-elf/9.2.0/../../../../riscv-nuclei-elf/lib/rv32imac/ilp32\libg_nano.a(lib_a-memchr.o)
 .riscv.attributes
                0x000000000000080a       0x2b d:/program/nucleistudio/toolchain/gcc/bin/../lib/gcc/riscv-nuclei-elf/9.2.0/../../../../riscv-nuclei-elf/lib/rv32imac/ilp32\libg_nano.a(lib_a-nano-vfprintf_i.o)
 .riscv.attributes
                0x0000000000000835       0x2b d:/program/nucleistudio/toolchain/gcc/bin/../lib/gcc/riscv-nuclei-elf/9.2.0/../../../../riscv-nuclei-elf/lib/rv32imac/ilp32\libg_nano.a(lib_a-readr.o)

.debug_frame    0x0000000000000000      0xa80
 .debug_frame   0x0000000000000000       0x34 ./hbird_sdk/SoC/hbird/Common/Source/Stubs/close.o
 .debug_frame   0x0000000000000034       0x34 ./hbird_sdk/SoC/hbird/Common/Source/Stubs/fstat.o
 .debug_frame   0x0000000000000068       0x34 ./hbird_sdk/SoC/hbird/Common/Source/Stubs/isatty.o
 .debug_frame   0x000000000000009c       0x34 ./hbird_sdk/SoC/hbird/Common/Source/Stubs/lseek.o
 .debug_frame   0x00000000000000d0       0x38 ./hbird_sdk/SoC/hbird/Common/Source/Stubs/read.o
 .debug_frame   0x0000000000000108       0x34 ./hbird_sdk/SoC/hbird/Common/Source/Stubs/sbrk.o
 .debug_frame   0x000000000000013c       0x38 ./hbird_sdk/SoC/hbird/Common/Source/Stubs/write.o
 .debug_frame   0x0000000000000174      0x1c0 ./hbird_sdk/SoC/hbird/Common/Source/Drivers/hbird_gpio.o
 .debug_frame   0x0000000000000334      0x178 ./hbird_sdk/SoC/hbird/Common/Source/Drivers/hbird_uart.o
 .debug_frame   0x00000000000004ac       0xb0 ./hbird_sdk/SoC/hbird/Common/Source/hbird_common.o
 .debug_frame   0x000000000000055c      0x328 ./hbird_sdk/SoC/hbird/Common/Source/system_hbird.o
 .debug_frame   0x0000000000000884       0x38 ./application/banner.o
 .debug_frame   0x00000000000008bc      0x198 ./application/kinpu.o
 .debug_frame   0x0000000000000a54       0x2c ./application/main.o

.debug_loc      0x0000000000000000      0xbfe
 .debug_loc     0x0000000000000000      0xbfe d:/program/nucleistudio/toolchain/gcc/bin/../lib/gcc/riscv-nuclei-elf/9.2.0/rv32imac/ilp32\libgcc.a(_udivdi3.o)
