Copyright 1986-2019 Xilinx, Inc. All Rights Reserved.
-------------------------------------------------------------------------------------------------
| Tool Version : Vivado v.2019.1 (win64) Build 2552052 Fri May 24 14:49:42 MDT 2019
| Date         : Tue Jul 20 19:16:40 2021
| Host         : DESKTOP-V0OL22A running 64-bit major release  (build 9200)
| Command      : report_clock_utilization -file e203_system_wrapper_clock_utilization_routed.rpt
| Design       : e203_system_wrapper
| Device       : 7a100t-fgg676
| Speed File   : -2  PRODUCTION 1.23 2018-06-13
| Design State : Routed
-------------------------------------------------------------------------------------------------

Clock Utilization Report

Table of Contents
-----------------
1. Clock Primitive Utilization
2. Global Clock Resources
3. Global Clock Source Details
4. Local Clock Details
5. Clock Regions: Key Resource Utilization
6. Clock Regions : Global Clock Summary
7. Device Cell Placement Summary for Global Clock g0
8. Device Cell Placement Summary for Global Clock g1
9. Device Cell Placement Summary for Global Clock g2
10. Device Cell Placement Summary for Global Clock g3
11. Device Cell Placement Summary for Global Clock g4
12. Device Cell Placement Summary for Global Clock g5
13. Device Cell Placement Summary for Global Clock g6
14. Device Cell Placement Summary for Global Clock g7
15. Device Cell Placement Summary for Global Clock g8
16. Device Cell Placement Summary for Global Clock g9
17. Device Cell Placement Summary for Global Clock g10
18. Device Cell Placement Summary for Global Clock g11
19. Device Cell Placement Summary for Global Clock g12
20. Device Cell Placement Summary for Global Clock g13
21. Device Cell Placement Summary for Global Clock g14
22. Device Cell Placement Summary for Global Clock g15
23. Device Cell Placement Summary for Global Clock g16
24. Device Cell Placement Summary for Global Clock g17
25. Clock Region Cell Placement per Global Clock: Region X0Y0
26. Clock Region Cell Placement per Global Clock: Region X1Y0
27. Clock Region Cell Placement per Global Clock: Region X0Y1
28. Clock Region Cell Placement per Global Clock: Region X1Y1
29. Clock Region Cell Placement per Global Clock: Region X0Y2
30. Clock Region Cell Placement per Global Clock: Region X1Y2
31. Clock Region Cell Placement per Global Clock: Region X0Y3
32. Clock Region Cell Placement per Global Clock: Region X1Y3

1. Clock Primitive Utilization
------------------------------

+----------+------+-----------+-----+--------------+--------+
| Type     | Used | Available | LOC | Clock Region | Pblock |
+----------+------+-----------+-----+--------------+--------+
| BUFGCTRL |   17 |        32 |   0 |            0 |      0 |
| BUFH     |    1 |        96 |   0 |            0 |      0 |
| BUFIO    |    0 |        24 |   0 |            0 |      0 |
| BUFMR    |    0 |        12 |   0 |            0 |      0 |
| BUFR     |    0 |        24 |   0 |            0 |      0 |
| MMCM     |    2 |         6 |   1 |            0 |      0 |
| PLL      |    1 |         6 |   1 |            0 |      0 |
+----------+------+-----------+-----+--------------+--------+


2. Global Clock Resources
-------------------------

+-----------+-----------+-----------------+------------+----------------+--------------+-------------------+-------------+-----------------+--------------+---------------+-------------------------------------------------------------------------------------------------------------------+----------------------------------------------------------------------------------------------------------+
| Global Id | Source Id | Driver Type/Pin | Constraint | Site           | Clock Region | Load Clock Region | Clock Loads | Non-Clock Loads | Clock Period | Clock         | Driver Pin                                                                                                        | Net                                                                                                      |
+-----------+-----------+-----------------+------------+----------------+--------------+-------------------+-------------+-----------------+--------------+---------------+-------------------------------------------------------------------------------------------------------------------+----------------------------------------------------------------------------------------------------------+
| g0        | src0      | BUFG/O          | None       | BUFGCTRL_X0Y1  | n/a          |                 8 |       28289 |               0 |       31.250 | clk_out1_mmcm | r_gnrl_conv2d_ibuf_blk_sel_reg[14]_i_3/O                                                                          | u_e203_subsys_top/hfclk                                                                                  |
| g1        | src1      | BUFG/O          | None       | BUFGCTRL_X0Y16 | n/a          |                 3 |        4514 |               0 |       10.000 | clk_pll_i     | dut/u_custom_icb_mig/u_custom_icb_mig/u_mig_7series_0/u_mig_7series_0_mig/u_ddr3_infrastructure/u_bufg_clkdiv0/O  | dut/u_custom_icb_mig/u_custom_icb_mig/u_mig_7series_0/u_mig_7series_0_mig/u_ddr3_infrastructure/CLK      |
| g2        | src2      | BUFG/O          | None       | BUFGCTRL_X0Y2  | n/a          |                 4 |        1437 |               0 |       31.250 | clk_out1_mmcm | qout_r_reg[31]_i_3/O                                                                                              | u_e203_subsys_top/core_csr_clk                                                                           |
| g3        | src3      | BUFG/O          | None       | BUFGCTRL_X0Y3  | n/a          |                 2 |         989 |               0 |              |               | slowclk_BUFG_inst/O                                                                                               | slowclk_BUFG                                                                                             |
| g4        | src4      | BUFG/O          | None       | BUFGCTRL_X0Y4  | n/a          |                 1 |         197 |               0 |              |               | dut_io_pads_jtag_TCK_i_ival_BUFG_inst/O                                                                           | dut_io_pads_jtag_TCK_i_ival_BUFG                                                                         |
| g5        | src5      | BUFG/O          | None       | BUFGCTRL_X0Y5  | n/a          |                 4 |         182 |               0 |       31.250 | clk_out1_mmcm | qout_r_reg[31]_i_2/O                                                                                              | u_e203_subsys_top/u_e203_subsys_main/u_e203_cpu_top/u_e203_cpu/clk_core_ifu                              |
| g6        | src6      | BUFG/O          | None       | BUFGCTRL_X0Y6  | n/a          |                 3 |         117 |               0 |       31.250 | clk_out1_mmcm | qout_r_reg[0]_i_2__5/O                                                                                            | u_e203_subsys_top/u_e203_subsys_main/u_e203_cpu_top/u_e203_cpu/clk_core_biu                              |
| g7        | src7      | BUFG/O          | None       | BUFGCTRL_X0Y7  | n/a          |                 2 |          79 |               0 |       31.250 | clk_out1_mmcm | qout_r_reg[0]_i_2__6/O                                                                                            | u_e203_subsys_top/u_e203_subsys_main/u_e203_cpu_top/u_e203_cpu/clk_core_lsu                              |
| g8        | src8      | BUFG/O          | None       | BUFGCTRL_X0Y0  | n/a          |                 4 |          69 |               0 |        5.000 | clk_out3_mmcm | ip_mmcm/inst/clkout3_buf/O                                                                                        | ip_mmcm/inst/clk_out3                                                                                    |
| g9        | src9      | BUFG/O          | None       | BUFGCTRL_X0Y9  | n/a          |                 4 |          63 |               0 |       31.250 | clk_out1_mmcm | qout_r_reg[0]_i_2__7/O                                                                                            | u_e203_subsys_top/u_e203_subsys_main/u_e203_cpu_top/u_e203_cpu/clk_itcm                                  |
| g10       | src8      | BUFG/O          | None       | BUFGCTRL_X0Y8  | n/a          |                 4 |          57 |              14 |       31.250 | clk_out1_mmcm | ip_mmcm/inst/clkout1_buf/O                                                                                        | ip_mmcm/inst/clk_out1                                                                                    |
| g11       | src10     | BUFG/O          | None       | BUFGCTRL_X0Y10 | n/a          |                 4 |          55 |               0 |       31.250 | clk_out1_mmcm | qout_r_reg[0]_i_2__8/O                                                                                            | u_e203_subsys_top/u_e203_subsys_main/u_e203_cpu_top/u_e203_cpu/clk_dtcm                                  |
| g12       | src11     | BUFG/O          | None       | BUFGCTRL_X0Y11 | n/a          |                 4 |          46 |               0 |       31.250 | clk_out1_mmcm | mem[1].non_last.mem_r_reg_0_0_i_1/O                                                                               | u_e203_subsys_top/u_e203_subsys_main/u_e203_cpu_top/clk_dtcm_ram                                         |
| g13       | src12     | BUFG/O          | None       | BUFGCTRL_X0Y12 | n/a          |                 2 |          45 |               0 |       31.250 | clk_out1_mmcm | mem[1].non_last.mem_r_reg_0_0_i_1__0/O                                                                            | u_e203_subsys_top/u_e203_subsys_main/u_e203_cpu_top/clk_itcm_ram                                         |
| g14       | src8      | BUFG/O          | None       | BUFGCTRL_X0Y13 | n/a          |                 1 |           8 |               0 |      119.000 | clk_out2_mmcm | ip_mmcm/inst/clkout2_buf/O                                                                                        | ip_mmcm/inst/clk_out2                                                                                    |
| g15       | src13     | BUFH/O          | None       | BUFHCE_X0Y36   | X0Y3         |                 1 |           1 |               0 |       10.000 | pll_clk3_out  | dut/u_custom_icb_mig/u_custom_icb_mig/u_mig_7series_0/u_mig_7series_0_mig/u_ddr3_infrastructure/u_bufh_pll_clk3/O | dut/u_custom_icb_mig/u_custom_icb_mig/u_mig_7series_0/u_mig_7series_0_mig/u_ddr3_infrastructure/pll_clk3 |
| g16       | src14     | BUFG/O          | None       | BUFGCTRL_X0Y15 | n/a          |                 1 |           1 |               0 |       20.000 | sys_clk_pin   | ip_mmcm/inst/clkin1_bufg/O                                                                                        | ip_mmcm/inst/clk_in1_mmcm                                                                                |
| g17       | src8      | BUFG/O          | None       | BUFGCTRL_X0Y14 | n/a          |                 1 |           1 |               0 |       20.000 | clkfbout_mmcm | ip_mmcm/inst/clkf_buf/O                                                                                           | ip_mmcm/inst/clkfbout_buf_mmcm                                                                           |
+-----------+-----------+-----------------+------------+----------------+--------------+-------------------+-------------+-----------------+--------------+---------------+-------------------------------------------------------------------------------------------------------------------+----------------------------------------------------------------------------------------------------------+
* Clock Loads column represents the clock pin loads (pin count)
** Non-Clock Loads column represents the non-clock pin loads (pin count)


3. Global Clock Source Details
------------------------------

+-----------+-----------+---------------------+-----------------+-----------------+--------------+-------------+-----------------+---------------------+---------------+------------------------------------------------------------------------------------------------------------------------------------------+------------------------------------------------------------------------------------------------------------------------+
| Source Id | Global Id | Driver Type/Pin     | Constraint      | Site            | Clock Region | Clock Loads | Non-Clock Loads | Source Clock Period | Source Clock  | Driver Pin                                                                                                                               | Net                                                                                                                    |
+-----------+-----------+---------------------+-----------------+-----------------+--------------+-------------+-----------------+---------------------+---------------+------------------------------------------------------------------------------------------------------------------------------------------+------------------------------------------------------------------------------------------------------------------------+
| src0      | g0        | LUT4/O              | None            | SLICE_X52Y97    | X1Y1         |           1 |               0 |              31.250 | clk_out1_mmcm | dut/u_e203_subsys_top/u_e203_subsys_main/u_e203_subsys_hclkgen/u_e203_subsys_gfcm/u_clk0_clkgate/r_gnrl_conv2d_ibuf_blk_sel[14]_i_6/O    | dut/u_e203_subsys_top/u_e203_subsys_main/u_e203_subsys_hclkgen/u_e203_subsys_gfcm/u_clk0_clkgate/clk0_sync_r_reg[1]_10 |
| src1      | g1        | MMCME2_ADV/CLKFBOUT | MMCME2_ADV_X0Y3 | MMCME2_ADV_X0Y3 | X0Y3         |           1 |               0 |              10.000 | clk_pll_i     | dut/u_custom_icb_mig/u_custom_icb_mig/u_mig_7series_0/u_mig_7series_0_mig/u_ddr3_infrastructure/gen_mmcm.mmcm_i/CLKFBOUT                 | dut/u_custom_icb_mig/u_custom_icb_mig/u_mig_7series_0/u_mig_7series_0_mig/u_ddr3_infrastructure/clk_pll_i              |
| src2      | g2        | LUT5/O              | None            | SLICE_X52Y97    | X1Y1         |           1 |               0 |              31.250 | clk_out1_mmcm | dut/u_e203_subsys_top/u_e203_subsys_main/u_e203_subsys_hclkgen/u_e203_subsys_gfcm/u_clk0_clkgate/qout_r[31]_i_7__9/O                     | dut/u_e203_subsys_top/u_e203_subsys_main/u_e203_subsys_hclkgen/u_e203_subsys_gfcm/u_clk0_clkgate/clk0_sync_r_reg[1]_1  |
| src3      | g3        | FDCE/Q              | None            | SLICE_X54Y109   | X1Y2         |           1 |               1 |                     |               | slowclkgen/clk_out_reg/Q                                                                                                                 | slowclkgen/slowclk                                                                                                     |
| src4      | g4        | IBUF/O              | IOB_X0Y32       | IOB_X0Y32       | X0Y0         |           1 |               0 |                     |               | IOBUF_jtag_TCK/IBUF/O                                                                                                                    | IOBUF_jtag_TCK/O                                                                                                       |
| src5      | g5        | LUT5/O              | None            | SLICE_X52Y97    | X1Y1         |           1 |               0 |              31.250 | clk_out1_mmcm | dut/u_e203_subsys_top/u_e203_subsys_main/u_e203_subsys_hclkgen/u_e203_subsys_gfcm/u_clk0_clkgate/qout_r[31]_i_6__10/O                    | dut/u_e203_subsys_top/u_e203_subsys_main/u_e203_subsys_hclkgen/u_e203_subsys_gfcm/u_clk0_clkgate/clk0_sync_r_reg[1]_0  |
| src6      | g6        | LUT5/O              | None            | SLICE_X52Y96    | X1Y1         |           1 |               0 |              31.250 | clk_out1_mmcm | dut/u_e203_subsys_top/u_e203_subsys_main/u_e203_subsys_hclkgen/u_e203_subsys_gfcm/u_clk0_clkgate/qout_r[0]_i_4__48/O                     | dut/u_e203_subsys_top/u_e203_subsys_main/u_e203_subsys_hclkgen/u_e203_subsys_gfcm/u_clk0_clkgate/clk0_sync_r_reg[1]_3  |
| src7      | g7        | LUT5/O              | None            | SLICE_X52Y96    | X1Y1         |           1 |               0 |              31.250 | clk_out1_mmcm | dut/u_e203_subsys_top/u_e203_subsys_main/u_e203_subsys_hclkgen/u_e203_subsys_gfcm/u_clk0_clkgate/qout_r[0]_i_6__26/O                     | dut/u_e203_subsys_top/u_e203_subsys_main/u_e203_subsys_hclkgen/u_e203_subsys_gfcm/u_clk0_clkgate/clk0_sync_r_reg[1]_2  |
| src8      | g10       | MMCME2_ADV/CLKOUT0  | None            | MMCME2_ADV_X0Y0 | X0Y0         |           1 |               0 |              31.250 | clk_out1_mmcm | ip_mmcm/inst/mmcm_adv_inst/CLKOUT0                                                                                                       | ip_mmcm/inst/clk_out1_mmcm                                                                                             |
| src8      | g14       | MMCME2_ADV/CLKOUT1  | None            | MMCME2_ADV_X0Y0 | X0Y0         |           1 |               0 |             119.000 | clk_out2_mmcm | ip_mmcm/inst/mmcm_adv_inst/CLKOUT1                                                                                                       | ip_mmcm/inst/clk_out2_mmcm                                                                                             |
| src8      | g8        | MMCME2_ADV/CLKOUT2  | None            | MMCME2_ADV_X0Y0 | X0Y0         |           1 |               0 |               5.000 | clk_out3_mmcm | ip_mmcm/inst/mmcm_adv_inst/CLKOUT2                                                                                                       | ip_mmcm/inst/clk_out3_mmcm                                                                                             |
| src8      | g17       | MMCME2_ADV/CLKFBOUT | None            | MMCME2_ADV_X0Y0 | X0Y0         |           1 |               0 |              20.000 | clkfbout_mmcm | ip_mmcm/inst/mmcm_adv_inst/CLKFBOUT                                                                                                      | ip_mmcm/inst/clkfbout_mmcm                                                                                             |
| src9      | g9        | LUT5/O              | None            | SLICE_X52Y96    | X1Y1         |           1 |               0 |              31.250 | clk_out1_mmcm | dut/u_e203_subsys_top/u_e203_subsys_main/u_e203_subsys_hclkgen/u_e203_subsys_gfcm/u_clk0_clkgate/qout_r[0]_i_4__49/O                     | dut/u_e203_subsys_top/u_e203_subsys_main/u_e203_subsys_hclkgen/u_e203_subsys_gfcm/u_clk0_clkgate/clk0_sync_r_reg[1]_6  |
| src10     | g11       | LUT5/O              | None            | SLICE_X52Y98    | X1Y1         |           1 |               0 |              31.250 | clk_out1_mmcm | dut/u_e203_subsys_top/u_e203_subsys_main/u_e203_subsys_hclkgen/u_e203_subsys_gfcm/u_clk0_clkgate/qout_r[0]_i_4__50/O                     | dut/u_e203_subsys_top/u_e203_subsys_main/u_e203_subsys_hclkgen/u_e203_subsys_gfcm/u_clk0_clkgate/clk0_sync_r_reg[1]_9  |
| src11     | g12       | LUT6/O              | None            | SLICE_X52Y97    | X1Y1         |           1 |               0 |              31.250 | clk_out1_mmcm | dut/u_e203_subsys_top/u_e203_subsys_main/u_e203_subsys_hclkgen/u_e203_subsys_gfcm/u_clk0_clkgate/mem[1].non_last.mem_r_reg_0_0_i_33__0/O | dut/u_e203_subsys_top/u_e203_subsys_main/u_e203_subsys_hclkgen/u_e203_subsys_gfcm/u_clk0_clkgate/clk0_sync_r_reg[1]_8  |
| src12     | g13       | LUT6/O              | None            | SLICE_X52Y96    | X1Y1         |           1 |               0 |              31.250 | clk_out1_mmcm | dut/u_e203_subsys_top/u_e203_subsys_main/u_e203_subsys_hclkgen/u_e203_subsys_gfcm/u_clk0_clkgate/mem[1].non_last.mem_r_reg_0_0_i_33/O    | dut/u_e203_subsys_top/u_e203_subsys_main/u_e203_subsys_hclkgen/u_e203_subsys_gfcm/u_clk0_clkgate/clk0_sync_r_reg[1]_5  |
| src13     | g15       | PLLE2_ADV/CLKOUT3   | PLLE2_ADV_X0Y3  | PLLE2_ADV_X0Y3  | X0Y3         |           1 |               0 |              10.000 | pll_clk3_out  | dut/u_custom_icb_mig/u_custom_icb_mig/u_mig_7series_0/u_mig_7series_0_mig/u_ddr3_infrastructure/plle2_i/CLKOUT3                          | dut/u_custom_icb_mig/u_custom_icb_mig/u_mig_7series_0/u_mig_7series_0_mig/u_ddr3_infrastructure/pll_clk3_out           |
| src14     | g16       | IBUF/O              | IOB_X0Y75       | IOB_X0Y75       | X0Y1         |           1 |               0 |              20.000 | sys_clk_pin   | clk_board_IBUF_inst/O                                                                                                                    | clk_board_IBUF                                                                                                         |
+-----------+-----------+---------------------+-----------------+-----------------+--------------+-------------+-----------------+---------------------+---------------+------------------------------------------------------------------------------------------------------------------------------------------+------------------------------------------------------------------------------------------------------------------------+
* Clock Loads column represents the clock pin loads (pin count)
** Non-Clock Loads column represents the non-clock pin loads (pin count)


4. Local Clock Details
----------------------

+----------+----------------------------+----------------------+-------------------------------------+--------------+-------------+-----------------+--------------+---------------+------------------------------------------------------------------------------------------------------------------------------------------------------------------------------------------------------------------------------------------------+---------------------------------------------------------------------------------------------------------------------------------------------------------------------------------------------------------------------------------------------+
| Local Id | Driver Type/Pin            | Constraint           | Site/BEL                            | Clock Region | Clock Loads | Non-Clock Loads | Clock Period | Clock         | Driver Pin                                                                                                                                                                                                                                     | Net                                                                                                                                                                                                                                         |
+----------+----------------------------+----------------------+-------------------------------------+--------------+-------------+-----------------+--------------+---------------+------------------------------------------------------------------------------------------------------------------------------------------------------------------------------------------------------------------------------------------------+---------------------------------------------------------------------------------------------------------------------------------------------------------------------------------------------------------------------------------------------||
| 0        | PLLE2_ADV/CLKOUT0          | PLLE2_ADV_X0Y3       | PLLE2_ADV_X0Y3/PLLE2_ADV            | X0Y3         |           5 |               2 |        1.250 | freq_refclk   | dut/u_custom_icb_mig/u_custom_icb_mig/u_mig_7series_0/u_mig_7series_0_mig/u_ddr3_infrastructure/plle2_i/CLKOUT0                                                                                                                                | dut/u_custom_icb_mig/u_custom_icb_mig/u_mig_7series_0/u_mig_7series_0_mig/u_ddr3_infrastructure/freq_refclk                                                                                                                                 - Static -
| 1        | PHASER_OUT_PHY/OCLKDELAYED | PHASER_OUT_PHY_X0Y12 | PHASER_OUT_PHY_X0Y12/PHASER_OUT_PHY | X0Y3         |           2 |               0 |        2.500 | oserdes_clk   | dut/u_custom_icb_mig/u_custom_icb_mig/u_mig_7series_0/u_mig_7series_0_mig/u_memc_ui_top_std/mem_intfc0/ddr_phy_top0/u_ddr_mc_phy_wrapper/u_ddr_mc_phy/ddr_phy_4lanes_0.u_ddr_phy_4lanes/ddr_byte_lane_A.ddr_byte_lane_A/phaser_out/OCLKDELAYED | dut/u_custom_icb_mig/u_custom_icb_mig/u_mig_7series_0/u_mig_7series_0_mig/u_memc_ui_top_std/mem_intfc0/ddr_phy_top0/u_ddr_mc_phy_wrapper/u_ddr_mc_phy/ddr_phy_4lanes_0.u_ddr_phy_4lanes/ddr_byte_lane_A.ddr_byte_lane_A/oserdes_clk_delayed - Static -
| 2        | PHASER_OUT_PHY/OCLKDELAYED | PHASER_OUT_PHY_X0Y13 | PHASER_OUT_PHY_X0Y13/PHASER_OUT_PHY | X0Y3         |           2 |               0 |        2.500 | oserdes_clk_1 | dut/u_custom_icb_mig/u_custom_icb_mig/u_mig_7series_0/u_mig_7series_0_mig/u_memc_ui_top_std/mem_intfc0/ddr_phy_top0/u_ddr_mc_phy_wrapper/u_ddr_mc_phy/ddr_phy_4lanes_0.u_ddr_phy_4lanes/ddr_byte_lane_B.ddr_byte_lane_B/phaser_out/OCLKDELAYED | dut/u_custom_icb_mig/u_custom_icb_mig/u_mig_7series_0/u_mig_7series_0_mig/u_memc_ui_top_std/mem_intfc0/ddr_phy_top0/u_ddr_mc_phy_wrapper/u_ddr_mc_phy/ddr_phy_4lanes_0.u_ddr_phy_4lanes/ddr_byte_lane_B.ddr_byte_lane_B/oserdes_clk_delayed - Static -
| 3        | PLLE2_ADV/CLKOUT1          | PLLE2_ADV_X0Y3       | PLLE2_ADV_X0Y3/PLLE2_ADV            | X0Y3         |           1 |               6 |        2.500 | mem_refclk    | dut/u_custom_icb_mig/u_custom_icb_mig/u_mig_7series_0/u_mig_7series_0_mig/u_ddr3_infrastructure/plle2_i/CLKOUT1                                                                                                                                | dut/u_custom_icb_mig/u_custom_icb_mig/u_mig_7series_0/u_mig_7series_0_mig/u_ddr3_infrastructure/mem_refclk                                                                                                                                  - Static -
+----------+----------------------------+----------------------+-------------------------------------+--------------+-------------+-----------------+--------------+---------------+------------------------------------------------------------------------------------------------------------------------------------------------------------------------------------------------------------------------------------------------+---------------------------------------------------------------------------------------------------------------------------------------------------------------------------------------------------------------------------------------------||
* Local Clocks in this context represents only clocks driven by non-global buffers
** Clock Loads column represents the clock pin loads (pin count)
*** Non-Clock Loads column represents the non-clock pin loads (pin count)


5. Clock Regions: Key Resource Utilization
------------------------------------------

+-------------------+--------------+--------------+--------------+--------------+--------------+--------------+--------------+--------------+--------------+--------------+--------------+--------------+--------------+--------------+--------------+
|                   | Global Clock |     BUFRs    |    BUFMRs    |    BUFIOs    |     MMCM     |      PLL     |      GT      |      PCI     |    ILOGIC    |    OLOGIC    |      FF      |     LUTM     |    RAMB18    |    RAMB36    |    DSP48E2   |
+-------------------+------+-------+------+-------+------+-------+------+-------+------+-------+------+-------+------+-------+------+-------+------+-------+------+-------+------+-------+------+-------+------+-------+------+-------+------+-------+
| Clock Region Name | Used | Avail | Used | Avail | Used | Avail | Used | Avail | Used | Avail | Used | Avail | Used | Avail | Used | Avail | Used | Avail | Used | Avail | Used | Avail | Used | Avail | Used | Avail | Used | Avail | Used | Avail |
+-------------------+------+-------+------+-------+------+-------+------+-------+------+-------+------+-------+------+-------+------+-------+------+-------+------+-------+------+-------+------+-------+------+-------+------+-------+------+-------+
| X0Y0              |    3 |    12 |    0 |     4 |    0 |     2 |    0 |     4 |    1 |     1 |    0 |     1 |    0 |     0 |    0 |     0 |    0 |    50 |    0 |    50 | 5001 |  2600 | 1349 |   600 |    6 |    20 |    3 |    10 |    0 |    20 |
| X1Y0              |    1 |    12 |    0 |     0 |    0 |     0 |    0 |     0 |    0 |     0 |    0 |     0 |    0 |     4 |    0 |     0 |    0 |     0 |    0 |     0 | 3174 |  1500 | 1243 |   550 |   12 |    40 |    5 |    20 |    0 |    40 |
| X0Y1              |    2 |    12 |    0 |     4 |    0 |     2 |    0 |     4 |    0 |     1 |    0 |     1 |    0 |     0 |    0 |     0 |    0 |    50 |    0 |    50 | 4314 |  2000 | 1415 |   600 |    6 |    20 |    4 |    10 |    0 |    20 |
| X1Y1              |    3 |    12 |    0 |     4 |    0 |     2 |    0 |     4 |    0 |     1 |    0 |     1 |    0 |     0 |    0 |     0 |    0 |    50 |    0 |    50 | 4790 |  1900 | 1570 |   650 |   14 |    60 |    9 |    30 |    0 |    40 |
| X0Y2              |   12 |    12 |    0 |     4 |    0 |     2 |    0 |     4 |    0 |     1 |    0 |     1 |    0 |     0 |    0 |     0 |    0 |    50 |    0 |    50 | 4552 |  2000 | 1483 |   600 |    3 |    20 |    7 |    10 |    0 |    20 |
| X1Y2              |    8 |    12 |    0 |     4 |    0 |     2 |    0 |     4 |    0 |     1 |    0 |     1 |    0 |     0 |    0 |     0 |    0 |    50 |    0 |    50 | 4047 |  1900 | 1292 |   650 |    7 |    60 |   21 |    30 |    0 |    40 |
| X0Y3              |   12 |    12 |    0 |     4 |    0 |     2 |    0 |     4 |    1 |     1 |    1 |     1 |    0 |     0 |    0 |     0 |    0 |    50 |    4 |    50 | 6933 |  2600 | 1300 |   600 |    2 |    20 |    0 |    10 |    0 |    20 |
| X1Y3              |   12 |    12 |    0 |     0 |    0 |     0 |    0 |     0 |    0 |     0 |    0 |     0 |    0 |     4 |    0 |     1 |    0 |     0 |    0 |     0 | 2643 |  1350 |  934 |   500 |    0 |    30 |    8 |    15 |    0 |    40 |
+-------------------+------+-------+------+-------+------+-------+------+-------+------+-------+------+-------+------+-------+------+-------+------+-------+------+-------+------+-------+------+-------+------+-------+------+-------+------+-------+
* Global Clock column represents track count; while other columns represents cell counts


6. Clock Regions : Global Clock Summary
---------------------------------------

All Modules
+----+----+----+
|    | X0 | X1 |
+----+----+----+
| Y3 | 12 | 12 |
| Y2 | 12 |  8 |
| Y1 |  2 |  3 |
| Y0 |  3 |  1 |
+----+----+----+


7. Device Cell Placement Summary for Global Clock g0
----------------------------------------------------

+-----------+-----------------+-------------------+---------------+-------------+----------------+-------------+----------+----------------+----------+-------------------------+
| Global Id | Driver Type/Pin | Driver Region (D) | Clock         | Period (ns) | Waveform (ns)  | Slice Loads | IO Loads | Clocking Loads | GT Loads | Net                     |
+-----------+-----------------+-------------------+---------------+-------------+----------------+-------------+----------+----------------+----------+-------------------------+
| g0        | BUFG/O          | n/a               | clk_out1_mmcm |      31.250 | {0.000 15.625} |       28144 |        0 |              0 |        0 | u_e203_subsys_top/hfclk |
+-----------+-----------------+-------------------+---------------+-------------+----------------+-------------+----------+----------------+----------+-------------------------+
* Slice Loads column represents load cell count of all cell types other than IO, GT and clock resources
** IO Loads column represents load cell count of IO types
*** Clocking Loads column represents load cell count that are clock resources (global clock buffer, MMCM, PLL, etc)
**** GT Loads column represents load cell count of GT types


+----+-------+-------+
|    | X0    | X1    |
+----+-------+-------+
| Y3 |  2457 |  1260 |
| Y2 |  3037 |  3894 |
| Y1 |  4340 |  4874 |
| Y0 |  5045 |  3237 |
+----+-------+-------+


8. Device Cell Placement Summary for Global Clock g1
----------------------------------------------------

+-----------+-----------------+-------------------+-----------+-------------+---------------+-------------+----------+----------------+----------+-----------------------------------------------------------------------------------------------------+
| Global Id | Driver Type/Pin | Driver Region (D) | Clock     | Period (ns) | Waveform (ns) | Slice Loads | IO Loads | Clocking Loads | GT Loads | Net                                                                                                 |
+-----------+-----------------+-------------------+-----------+-------------+---------------+-------------+----------+----------------+----------+-----------------------------------------------------------------------------------------------------+
| g1        | BUFG/O          | n/a               | clk_pll_i |      10.000 | {0.000 5.000} |        4382 |        0 |              1 |        0 | dut/u_custom_icb_mig/u_custom_icb_mig/u_mig_7series_0/u_mig_7series_0_mig/u_ddr3_infrastructure/CLK |
+-----------+-----------------+-------------------+-----------+-------------+---------------+-------------+----------+----------------+----------+-----------------------------------------------------------------------------------------------------+
* Slice Loads column represents load cell count of all cell types other than IO, GT and clock resources
** IO Loads column represents load cell count of IO types
*** Clocking Loads column represents load cell count that are clock resources (global clock buffer, MMCM, PLL, etc)
**** GT Loads column represents load cell count of GT types


+----+-------+------+
|    | X0    | X1   |
+----+-------+------+
| Y3 |  3766 |  311 |
| Y2 |   306 |    0 |
| Y1 |     0 |    0 |
| Y0 |     0 |    0 |
+----+-------+------+


9. Device Cell Placement Summary for Global Clock g2
----------------------------------------------------

+-----------+-----------------+-------------------+---------------+-------------+----------------+-------------+----------+----------------+----------+--------------------------------+
| Global Id | Driver Type/Pin | Driver Region (D) | Clock         | Period (ns) | Waveform (ns)  | Slice Loads | IO Loads | Clocking Loads | GT Loads | Net                            |
+-----------+-----------------+-------------------+---------------+-------------+----------------+-------------+----------+----------------+----------+--------------------------------+
| g2        | BUFG/O          | n/a               | clk_out1_mmcm |      31.250 | {0.000 15.625} |        1437 |        0 |              0 |        0 | u_e203_subsys_top/core_csr_clk |
+-----------+-----------------+-------------------+---------------+-------------+----------------+-------------+----------+----------------+----------+--------------------------------+
* Slice Loads column represents load cell count of all cell types other than IO, GT and clock resources
** IO Loads column represents load cell count of IO types
*** Clocking Loads column represents load cell count that are clock resources (global clock buffer, MMCM, PLL, etc)
**** GT Loads column represents load cell count of GT types


+----+------+------+
|    | X0   | X1   |
+----+------+------+
| Y3 |  378 |  742 |
| Y2 |  176 |  141 |
| Y1 |    0 |    0 |
| Y0 |    0 |    0 |
+----+------+------+


10. Device Cell Placement Summary for Global Clock g3
-----------------------------------------------------

+-----------+-----------------+-------------------+-------+-------------+---------------+-------------+----------+----------------+----------+--------------+
| Global Id | Driver Type/Pin | Driver Region (D) | Clock | Period (ns) | Waveform (ns) | Slice Loads | IO Loads | Clocking Loads | GT Loads | Net          |
+-----------+-----------------+-------------------+-------+-------------+---------------+-------------+----------+----------------+----------+--------------+
| g3        | BUFG/O          | n/a               |       |             |               |         989 |        0 |              0 |        0 | slowclk_BUFG |
+-----------+-----------------+-------------------+-------+-------------+---------------+-------------+----------+----------------+----------+--------------+
* Slice Loads column represents load cell count of all cell types other than IO, GT and clock resources
** IO Loads column represents load cell count of IO types
*** Clocking Loads column represents load cell count that are clock resources (global clock buffer, MMCM, PLL, etc)
**** GT Loads column represents load cell count of GT types


+----+------+----+
|    | X0   | X1 |
+----+------+----+
| Y3 |  160 |  0 |
| Y2 |  829 |  0 |
| Y1 |    0 |  0 |
| Y0 |    0 |  0 |
+----+------+----+


11. Device Cell Placement Summary for Global Clock g4
-----------------------------------------------------

+-----------+-----------------+-------------------+-------+-------------+---------------+-------------+----------+----------------+----------+----------------------------------+
| Global Id | Driver Type/Pin | Driver Region (D) | Clock | Period (ns) | Waveform (ns) | Slice Loads | IO Loads | Clocking Loads | GT Loads | Net                              |
+-----------+-----------------+-------------------+-------+-------------+---------------+-------------+----------+----------------+----------+----------------------------------+
| g4        | BUFG/O          | n/a               |       |             |               |         197 |        0 |              0 |        0 | dut_io_pads_jtag_TCK_i_ival_BUFG |
+-----------+-----------------+-------------------+-------+-------------+---------------+-------------+----------+----------------+----------+----------------------------------+
* Slice Loads column represents load cell count of all cell types other than IO, GT and clock resources
** IO Loads column represents load cell count of IO types
*** Clocking Loads column represents load cell count that are clock resources (global clock buffer, MMCM, PLL, etc)
**** GT Loads column represents load cell count of GT types


+----+----+------+
|    | X0 | X1   |
+----+----+------+
| Y3 |  0 |  197 |
| Y2 |  0 |    0 |
| Y1 |  0 |    0 |
| Y0 |  0 |    0 |
+----+----+------+


12. Device Cell Placement Summary for Global Clock g5
-----------------------------------------------------

+-----------+-----------------+-------------------+---------------+-------------+----------------+-------------+----------+----------------+----------+-----------------------------------------------------------------------------+
| Global Id | Driver Type/Pin | Driver Region (D) | Clock         | Period (ns) | Waveform (ns)  | Slice Loads | IO Loads | Clocking Loads | GT Loads | Net                                                                         |
+-----------+-----------------+-------------------+---------------+-------------+----------------+-------------+----------+----------------+----------+-----------------------------------------------------------------------------+
| g5        | BUFG/O          | n/a               | clk_out1_mmcm |      31.250 | {0.000 15.625} |         182 |        0 |              0 |        0 | u_e203_subsys_top/u_e203_subsys_main/u_e203_cpu_top/u_e203_cpu/clk_core_ifu |
+-----------+-----------------+-------------------+---------------+-------------+----------------+-------------+----------+----------------+----------+-----------------------------------------------------------------------------+
* Slice Loads column represents load cell count of all cell types other than IO, GT and clock resources
** IO Loads column represents load cell count of IO types
*** Clocking Loads column represents load cell count that are clock resources (global clock buffer, MMCM, PLL, etc)
**** GT Loads column represents load cell count of GT types


+----+-----+-----+
|    | X0  | X1  |
+----+-----+-----+
| Y3 |  52 |  59 |
| Y2 |  49 |  22 |
| Y1 |   0 |   0 |
| Y0 |   0 |   0 |
+----+-----+-----+


13. Device Cell Placement Summary for Global Clock g6
-----------------------------------------------------

+-----------+-----------------+-------------------+---------------+-------------+----------------+-------------+----------+----------------+----------+-----------------------------------------------------------------------------+
| Global Id | Driver Type/Pin | Driver Region (D) | Clock         | Period (ns) | Waveform (ns)  | Slice Loads | IO Loads | Clocking Loads | GT Loads | Net                                                                         |
+-----------+-----------------+-------------------+---------------+-------------+----------------+-------------+----------+----------------+----------+-----------------------------------------------------------------------------+
| g6        | BUFG/O          | n/a               | clk_out1_mmcm |      31.250 | {0.000 15.625} |         117 |        0 |              0 |        0 | u_e203_subsys_top/u_e203_subsys_main/u_e203_cpu_top/u_e203_cpu/clk_core_biu |
+-----------+-----------------+-------------------+---------------+-------------+----------------+-------------+----------+----------------+----------+-----------------------------------------------------------------------------+
* Slice Loads column represents load cell count of all cell types other than IO, GT and clock resources
** IO Loads column represents load cell count of IO types
*** Clocking Loads column represents load cell count that are clock resources (global clock buffer, MMCM, PLL, etc)
**** GT Loads column represents load cell count of GT types


+----+-----+-----+
|    | X0  | X1  |
+----+-----+-----+
| Y3 |  61 |  41 |
| Y2 |  15 |   0 |
| Y1 |   0 |   0 |
| Y0 |   0 |   0 |
+----+-----+-----+


14. Device Cell Placement Summary for Global Clock g7
-----------------------------------------------------

+-----------+-----------------+-------------------+---------------+-------------+----------------+-------------+----------+----------------+----------+-----------------------------------------------------------------------------+
| Global Id | Driver Type/Pin | Driver Region (D) | Clock         | Period (ns) | Waveform (ns)  | Slice Loads | IO Loads | Clocking Loads | GT Loads | Net                                                                         |
+-----------+-----------------+-------------------+---------------+-------------+----------------+-------------+----------+----------------+----------+-----------------------------------------------------------------------------+
| g7        | BUFG/O          | n/a               | clk_out1_mmcm |      31.250 | {0.000 15.625} |          79 |        0 |              0 |        0 | u_e203_subsys_top/u_e203_subsys_main/u_e203_cpu_top/u_e203_cpu/clk_core_lsu |
+-----------+-----------------+-------------------+---------------+-------------+----------------+-------------+----------+----------------+----------+-----------------------------------------------------------------------------+
* Slice Loads column represents load cell count of all cell types other than IO, GT and clock resources
** IO Loads column represents load cell count of IO types
*** Clocking Loads column represents load cell count that are clock resources (global clock buffer, MMCM, PLL, etc)
**** GT Loads column represents load cell count of GT types


+----+-----+----+
|    | X0  | X1 |
+----+-----+----+
| Y3 |  76 |  3 |
| Y2 |   0 |  0 |
| Y1 |   0 |  0 |
| Y0 |   0 |  0 |
+----+-----+----+


15. Device Cell Placement Summary for Global Clock g8
-----------------------------------------------------

+-----------+-----------------+-------------------+---------------+-------------+---------------+-------------+----------+----------------+----------+-----------------------+
| Global Id | Driver Type/Pin | Driver Region (D) | Clock         | Period (ns) | Waveform (ns) | Slice Loads | IO Loads | Clocking Loads | GT Loads | Net                   |
+-----------+-----------------+-------------------+---------------+-------------+---------------+-------------+----------+----------------+----------+-----------------------+
| g8        | BUFG/O          | n/a               | clk_out3_mmcm |       5.000 | {0.000 2.500} |          68 |        0 |              1 |        0 | ip_mmcm/inst/clk_out3 |
+-----------+-----------------+-------------------+---------------+-------------+---------------+-------------+----------+----------------+----------+-----------------------+
* Slice Loads column represents load cell count of all cell types other than IO, GT and clock resources
** IO Loads column represents load cell count of IO types
*** Clocking Loads column represents load cell count that are clock resources (global clock buffer, MMCM, PLL, etc)
**** GT Loads column represents load cell count of GT types


+----+-----+----+
|    | X0  | X1 |
+----+-----+----+
| Y3 |  17 |  6 |
| Y2 |  34 |  0 |
| Y1 |  12 |  0 |
| Y0 |   0 |  0 |
+----+-----+----+


16. Device Cell Placement Summary for Global Clock g9
-----------------------------------------------------

+-----------+-----------------+-------------------+---------------+-------------+----------------+-------------+----------+----------------+----------+-------------------------------------------------------------------------+
| Global Id | Driver Type/Pin | Driver Region (D) | Clock         | Period (ns) | Waveform (ns)  | Slice Loads | IO Loads | Clocking Loads | GT Loads | Net                                                                     |
+-----------+-----------------+-------------------+---------------+-------------+----------------+-------------+----------+----------------+----------+-------------------------------------------------------------------------+
| g9        | BUFG/O          | n/a               | clk_out1_mmcm |      31.250 | {0.000 15.625} |          63 |        0 |              0 |        0 | u_e203_subsys_top/u_e203_subsys_main/u_e203_cpu_top/u_e203_cpu/clk_itcm |
+-----------+-----------------+-------------------+---------------+-------------+----------------+-------------+----------+----------------+----------+-------------------------------------------------------------------------+
* Slice Loads column represents load cell count of all cell types other than IO, GT and clock resources
** IO Loads column represents load cell count of IO types
*** Clocking Loads column represents load cell count that are clock resources (global clock buffer, MMCM, PLL, etc)
**** GT Loads column represents load cell count of GT types


+----+-----+-----+
|    | X0  | X1  |
+----+-----+-----+
| Y3 |   4 |   7 |
| Y2 |  39 |  13 |
| Y1 |   0 |   0 |
| Y0 |   0 |   0 |
+----+-----+-----+


17. Device Cell Placement Summary for Global Clock g10
------------------------------------------------------

+-----------+-----------------+-------------------+---------------+-------------+----------------+-------------+----------+----------------+----------+-----------------------+
| Global Id | Driver Type/Pin | Driver Region (D) | Clock         | Period (ns) | Waveform (ns)  | Slice Loads | IO Loads | Clocking Loads | GT Loads | Net                   |
+-----------+-----------------+-------------------+---------------+-------------+----------------+-------------+----------+----------------+----------+-----------------------+
| g10       | BUFG/O          | n/a               | clk_out1_mmcm |      31.250 | {0.000 15.625} |          71 |        0 |              0 |        0 | ip_mmcm/inst/clk_out1 |
+-----------+-----------------+-------------------+---------------+-------------+----------------+-------------+----------+----------------+----------+-----------------------+
* Slice Loads column represents load cell count of all cell types other than IO, GT and clock resources
** IO Loads column represents load cell count of IO types
*** Clocking Loads column represents load cell count that are clock resources (global clock buffer, MMCM, PLL, etc)
**** GT Loads column represents load cell count of GT types


+----+-----+-----+
|    | X0  | X1  |
+----+-----+-----+
| Y3 |   7 |   9 |
| Y2 |  45 |   0 |
| Y1 |   0 |  10 |
| Y0 |   0 |   0 |
+----+-----+-----+


18. Device Cell Placement Summary for Global Clock g11
------------------------------------------------------

+-----------+-----------------+-------------------+---------------+-------------+----------------+-------------+----------+----------------+----------+-------------------------------------------------------------------------+
| Global Id | Driver Type/Pin | Driver Region (D) | Clock         | Period (ns) | Waveform (ns)  | Slice Loads | IO Loads | Clocking Loads | GT Loads | Net                                                                     |
+-----------+-----------------+-------------------+---------------+-------------+----------------+-------------+----------+----------------+----------+-------------------------------------------------------------------------+
| g11       | BUFG/O          | n/a               | clk_out1_mmcm |      31.250 | {0.000 15.625} |          55 |        0 |              0 |        0 | u_e203_subsys_top/u_e203_subsys_main/u_e203_cpu_top/u_e203_cpu/clk_dtcm |
+-----------+-----------------+-------------------+---------------+-------------+----------------+-------------+----------+----------------+----------+-------------------------------------------------------------------------+
* Slice Loads column represents load cell count of all cell types other than IO, GT and clock resources
** IO Loads column represents load cell count of IO types
*** Clocking Loads column represents load cell count that are clock resources (global clock buffer, MMCM, PLL, etc)
**** GT Loads column represents load cell count of GT types


+----+-----+-----+
|    | X0  | X1  |
+----+-----+-----+
| Y3 |   8 |   8 |
| Y2 |  29 |  10 |
| Y1 |   0 |   0 |
| Y0 |   0 |   0 |
+----+-----+-----+


19. Device Cell Placement Summary for Global Clock g12
------------------------------------------------------

+-----------+-----------------+-------------------+---------------+-------------+----------------+-------------+----------+----------------+----------+------------------------------------------------------------------+
| Global Id | Driver Type/Pin | Driver Region (D) | Clock         | Period (ns) | Waveform (ns)  | Slice Loads | IO Loads | Clocking Loads | GT Loads | Net                                                              |
+-----------+-----------------+-------------------+---------------+-------------+----------------+-------------+----------+----------------+----------+------------------------------------------------------------------+
| g12       | BUFG/O          | n/a               | clk_out1_mmcm |      31.250 | {0.000 15.625} |          30 |        0 |              0 |        0 | u_e203_subsys_top/u_e203_subsys_main/u_e203_cpu_top/clk_dtcm_ram |
+-----------+-----------------+-------------------+---------------+-------------+----------------+-------------+----------+----------------+----------+------------------------------------------------------------------+
* Slice Loads column represents load cell count of all cell types other than IO, GT and clock resources
** IO Loads column represents load cell count of IO types
*** Clocking Loads column represents load cell count that are clock resources (global clock buffer, MMCM, PLL, etc)
**** GT Loads column represents load cell count of GT types


+----+-----+----+
|    | X0  | X1 |
+----+-----+----+
| Y3 |   0 |  8 |
| Y2 |  14 |  7 |
| Y1 |   0 |  1 |
| Y0 |   0 |  0 |
+----+-----+----+


20. Device Cell Placement Summary for Global Clock g13
------------------------------------------------------

+-----------+-----------------+-------------------+---------------+-------------+----------------+-------------+----------+----------------+----------+------------------------------------------------------------------+
| Global Id | Driver Type/Pin | Driver Region (D) | Clock         | Period (ns) | Waveform (ns)  | Slice Loads | IO Loads | Clocking Loads | GT Loads | Net                                                              |
+-----------+-----------------+-------------------+---------------+-------------+----------------+-------------+----------+----------------+----------+------------------------------------------------------------------+
| g13       | BUFG/O          | n/a               | clk_out1_mmcm |      31.250 | {0.000 15.625} |          29 |        0 |              0 |        0 | u_e203_subsys_top/u_e203_subsys_main/u_e203_cpu_top/clk_itcm_ram |
+-----------+-----------------+-------------------+---------------+-------------+----------------+-------------+----------+----------------+----------+------------------------------------------------------------------+
* Slice Loads column represents load cell count of all cell types other than IO, GT and clock resources
** IO Loads column represents load cell count of IO types
*** Clocking Loads column represents load cell count that are clock resources (global clock buffer, MMCM, PLL, etc)
**** GT Loads column represents load cell count of GT types


+----+-----+----+
|    | X0  | X1 |
+----+-----+----+
| Y3 |   0 |  0 |
| Y2 |  20 |  9 |
| Y1 |   0 |  0 |
| Y0 |   0 |  0 |
+----+-----+----+


21. Device Cell Placement Summary for Global Clock g14
------------------------------------------------------

+-----------+-----------------+-------------------+---------------+-------------+----------------+-------------+----------+----------------+----------+-----------------------+
| Global Id | Driver Type/Pin | Driver Region (D) | Clock         | Period (ns) | Waveform (ns)  | Slice Loads | IO Loads | Clocking Loads | GT Loads | Net                   |
+-----------+-----------------+-------------------+---------------+-------------+----------------+-------------+----------+----------------+----------+-----------------------+
| g14       | BUFG/O          | n/a               | clk_out2_mmcm |     119.000 | {0.000 59.500} |           8 |        0 |              0 |        0 | ip_mmcm/inst/clk_out2 |
+-----------+-----------------+-------------------+---------------+-------------+----------------+-------------+----------+----------------+----------+-----------------------+
* Slice Loads column represents load cell count of all cell types other than IO, GT and clock resources
** IO Loads column represents load cell count of IO types
*** Clocking Loads column represents load cell count that are clock resources (global clock buffer, MMCM, PLL, etc)
**** GT Loads column represents load cell count of GT types


+----+----+----+
|    | X0 | X1 |
+----+----+----+
| Y3 |  0 |  0 |
| Y2 |  0 |  8 |
| Y1 |  0 |  0 |
| Y0 |  0 |  0 |
+----+----+----+


22. Device Cell Placement Summary for Global Clock g15
------------------------------------------------------

+-----------+-----------------+-------------------+--------------+-------------+---------------+-------------+----------+----------------+----------+----------------------------------------------------------------------------------------------------------+
| Global Id | Driver Type/Pin | Driver Region (D) | Clock        | Period (ns) | Waveform (ns) | Slice Loads | IO Loads | Clocking Loads | GT Loads | Net                                                                                                      |
+-----------+-----------------+-------------------+--------------+-------------+---------------+-------------+----------+----------------+----------+----------------------------------------------------------------------------------------------------------+
| g15       | BUFH/O          | X0Y3              | pll_clk3_out |      10.000 | {0.000 5.000} |           0 |        0 |              1 |        0 | dut/u_custom_icb_mig/u_custom_icb_mig/u_mig_7series_0/u_mig_7series_0_mig/u_ddr3_infrastructure/pll_clk3 |
+-----------+-----------------+-------------------+--------------+-------------+---------------+-------------+----------+----------------+----------+----------------------------------------------------------------------------------------------------------+
* Slice Loads column represents load cell count of all cell types other than IO, GT and clock resources
** IO Loads column represents load cell count of IO types
*** Clocking Loads column represents load cell count that are clock resources (global clock buffer, MMCM, PLL, etc)
**** GT Loads column represents load cell count of GT types


+----+--------+----+
|    | X0     | X1 |
+----+--------+----+
| Y3 |  (D) 1 |  0 |
| Y2 |      0 |  0 |
| Y1 |      0 |  0 |
| Y0 |      0 |  0 |
+----+--------+----+


23. Device Cell Placement Summary for Global Clock g16
------------------------------------------------------

+-----------+-----------------+-------------------+-------------+-------------+----------------+-------------+----------+----------------+----------+---------------------------+
| Global Id | Driver Type/Pin | Driver Region (D) | Clock       | Period (ns) | Waveform (ns)  | Slice Loads | IO Loads | Clocking Loads | GT Loads | Net                       |
+-----------+-----------------+-------------------+-------------+-------------+----------------+-------------+----------+----------------+----------+---------------------------+
| g16       | BUFG/O          | n/a               | sys_clk_pin |      20.000 | {0.000 10.000} |           0 |        0 |              1 |        0 | ip_mmcm/inst/clk_in1_mmcm |
+-----------+-----------------+-------------------+-------------+-------------+----------------+-------------+----------+----------------+----------+---------------------------+
* Slice Loads column represents load cell count of all cell types other than IO, GT and clock resources
** IO Loads column represents load cell count of IO types
*** Clocking Loads column represents load cell count that are clock resources (global clock buffer, MMCM, PLL, etc)
**** GT Loads column represents load cell count of GT types


+----+----+----+
|    | X0 | X1 |
+----+----+----+
| Y3 |  0 |  0 |
| Y2 |  0 |  0 |
| Y1 |  0 |  0 |
| Y0 |  1 |  0 |
+----+----+----+


24. Device Cell Placement Summary for Global Clock g17
------------------------------------------------------

+-----------+-----------------+-------------------+---------------+-------------+----------------+-------------+----------+----------------+----------+--------------------------------+
| Global Id | Driver Type/Pin | Driver Region (D) | Clock         | Period (ns) | Waveform (ns)  | Slice Loads | IO Loads | Clocking Loads | GT Loads | Net                            |
+-----------+-----------------+-------------------+---------------+-------------+----------------+-------------+----------+----------------+----------+--------------------------------+
| g17       | BUFG/O          | n/a               | clkfbout_mmcm |      20.000 | {0.000 10.000} |           0 |        0 |              1 |        0 | ip_mmcm/inst/clkfbout_buf_mmcm |
+-----------+-----------------+-------------------+---------------+-------------+----------------+-------------+----------+----------------+----------+--------------------------------+
* Slice Loads column represents load cell count of all cell types other than IO, GT and clock resources
** IO Loads column represents load cell count of IO types
*** Clocking Loads column represents load cell count that are clock resources (global clock buffer, MMCM, PLL, etc)
**** GT Loads column represents load cell count of GT types


+----+----+----+
|    | X0 | X1 |
+----+----+----+
| Y3 |  0 |  0 |
| Y2 |  0 |  0 |
| Y1 |  0 |  0 |
| Y0 |  1 |  0 |
+----+----+----+


25. Clock Region Cell Placement per Global Clock: Region X0Y0
-------------------------------------------------------------

+-----------+-------+-----------------+------------+-------------+-----------------+------+--------+------+-----+----+------+-----+---------+--------------------------------+
| Global Id | Track | Driver Type/Pin | Constraint | Clock Loads | Non-Clock Loads | FF   | LUTRAM | RAMB | DSP | GT | MMCM | PLL | Hard IP | Net                            |
+-----------+-------+-----------------+------------+-------------+-----------------+------+--------+------+-----+----+------+-----+---------+--------------------------------+
| g0        | n/a   | BUFG/O          | None       |        5045 |               0 | 5001 |     29 |    9 |   0 |  0 |    0 |   0 |       0 | u_e203_subsys_top/hfclk        |
| g16       | n/a   | BUFG/O          | None       |           1 |               0 |    0 |      0 |    0 |   0 |  0 |    1 |   0 |       0 | ip_mmcm/inst/clk_in1_mmcm      |
| g17       | n/a   | BUFG/O          | None       |           1 |               0 |    0 |      0 |    0 |   0 |  0 |    1 |   0 |       0 | ip_mmcm/inst/clkfbout_buf_mmcm |
+-----------+-------+-----------------+------------+-------------+-----------------+------+--------+------+-----+----+------+-----+---------+--------------------------------+
* Clock Loads column represents the clock pin loads (pin count)
** Non-Clock Loads column represents the non-clock pin loads (pin count)
*** Columns FF, LUTRAM, RAMB through 'Hard IP' represents load cell counts


26. Clock Region Cell Placement per Global Clock: Region X1Y0
-------------------------------------------------------------

+-----------+-------+-----------------+------------+-------------+-----------------+------+--------+------+-----+----+------+-----+---------+-------------------------+
| Global Id | Track | Driver Type/Pin | Constraint | Clock Loads | Non-Clock Loads | FF   | LUTRAM | RAMB | DSP | GT | MMCM | PLL | Hard IP | Net                     |
+-----------+-------+-----------------+------------+-------------+-----------------+------+--------+------+-----+----+------+-----+---------+-------------------------+
| g0        | n/a   | BUFG/O          | None       |        3237 |               0 | 3174 |     34 |   17 |   0 |  0 |    0 |   0 |       0 | u_e203_subsys_top/hfclk |
+-----------+-------+-----------------+------------+-------------+-----------------+------+--------+------+-----+----+------+-----+---------+-------------------------+
* Clock Loads column represents the clock pin loads (pin count)
** Non-Clock Loads column represents the non-clock pin loads (pin count)
*** Columns FF, LUTRAM, RAMB through 'Hard IP' represents load cell counts


27. Clock Region Cell Placement per Global Clock: Region X0Y1
-------------------------------------------------------------

+-----------+-------+-----------------+------------+-------------+-----------------+------+--------+------+-----+----+------+-----+---------+-------------------------+
| Global Id | Track | Driver Type/Pin | Constraint | Clock Loads | Non-Clock Loads | FF   | LUTRAM | RAMB | DSP | GT | MMCM | PLL | Hard IP | Net                     |
+-----------+-------+-----------------+------------+-------------+-----------------+------+--------+------+-----+----+------+-----+---------+-------------------------+
| g0        | n/a   | BUFG/O          | None       |        4340 |               0 | 4302 |     22 |   10 |   0 |  0 |    0 |   0 |       0 | u_e203_subsys_top/hfclk |
| g8        | n/a   | BUFG/O          | None       |          12 |               0 |   12 |      0 |    0 |   0 |  0 |    0 |   0 |       0 | ip_mmcm/inst/clk_out3   |
+-----------+-------+-----------------+------------+-------------+-----------------+------+--------+------+-----+----+------+-----+---------+-------------------------+
* Clock Loads column represents the clock pin loads (pin count)
** Non-Clock Loads column represents the non-clock pin loads (pin count)
*** Columns FF, LUTRAM, RAMB through 'Hard IP' represents load cell counts


28. Clock Region Cell Placement per Global Clock: Region X1Y1
-------------------------------------------------------------

+-----------+-------+-----------------+------------+-------------+-----------------+------+--------+------+-----+----+------+-----+---------+------------------------------------------------------------------+
| Global Id | Track | Driver Type/Pin | Constraint | Clock Loads | Non-Clock Loads | FF   | LUTRAM | RAMB | DSP | GT | MMCM | PLL | Hard IP | Net                                                              |
+-----------+-------+-----------------+------------+-------------+-----------------+------+--------+------+-----+----+------+-----+---------+------------------------------------------------------------------+
| g0        | n/a   | BUFG/O          | None       |        4874 |               0 | 4790 |     48 |   22 |   0 |  0 |    0 |   0 |       0 | u_e203_subsys_top/hfclk                                          |
| g10       | n/a   | BUFG/O          | None       |           0 |              10 |    0 |      0 |    0 |   0 |  0 |    0 |   0 |       0 | ip_mmcm/inst/clk_out1                                            |
| g12       | n/a   | BUFG/O          | None       |           1 |               0 |    0 |      0 |    1 |   0 |  0 |    0 |   0 |       0 | u_e203_subsys_top/u_e203_subsys_main/u_e203_cpu_top/clk_dtcm_ram |
+-----------+-------+-----------------+------------+-------------+-----------------+------+--------+------+-----+----+------+-----+---------+------------------------------------------------------------------+
* Clock Loads column represents the clock pin loads (pin count)
** Non-Clock Loads column represents the non-clock pin loads (pin count)
*** Columns FF, LUTRAM, RAMB through 'Hard IP' represents load cell counts


29. Clock Region Cell Placement per Global Clock: Region X0Y2
-------------------------------------------------------------

+-----------+-------+-----------------+------------+-------------+-----------------+------+--------+------+-----+----+------+-----+---------+-----------------------------------------------------------------------------------------------------+
| Global Id | Track | Driver Type/Pin | Constraint | Clock Loads | Non-Clock Loads | FF   | LUTRAM | RAMB | DSP | GT | MMCM | PLL | Hard IP | Net                                                                                                 |
+-----------+-------+-----------------+------------+-------------+-----------------+------+--------+------+-----+----+------+-----+---------+-----------------------------------------------------------------------------------------------------+
| g0        | n/a   | BUFG/O          | None       |        3037 |               0 | 3011 |     20 |    3 |   0 |  0 |    0 |   0 |       0 | u_e203_subsys_top/hfclk                                                                             |
| g1        | n/a   | BUFG/O          | None       |         306 |               0 |  306 |      0 |    0 |   0 |  0 |    0 |   0 |       0 | dut/u_custom_icb_mig/u_custom_icb_mig/u_mig_7series_0/u_mig_7series_0_mig/u_ddr3_infrastructure/CLK |
| g2        | n/a   | BUFG/O          | None       |         176 |               0 |  176 |      0 |    0 |   0 |  0 |    0 |   0 |       0 | u_e203_subsys_top/core_csr_clk                                                                      |
| g3        | n/a   | BUFG/O          | None       |         829 |               0 |  829 |      0 |    0 |   0 |  0 |    0 |   0 |       0 | slowclk_BUFG                                                                                        |
| g5        | n/a   | BUFG/O          | None       |          49 |               0 |   49 |      0 |    0 |   0 |  0 |    0 |   0 |       0 | u_e203_subsys_top/u_e203_subsys_main/u_e203_cpu_top/u_e203_cpu/clk_core_ifu                         |
| g6        | n/a   | BUFG/O          | None       |          15 |               0 |   15 |      0 |    0 |   0 |  0 |    0 |   0 |       0 | u_e203_subsys_top/u_e203_subsys_main/u_e203_cpu_top/u_e203_cpu/clk_core_biu                         |
| g8        | n/a   | BUFG/O          | None       |          34 |               0 |   33 |      0 |    0 |   0 |  0 |    0 |   0 |       0 | ip_mmcm/inst/clk_out3                                                                               |
| g9        | n/a   | BUFG/O          | None       |          39 |               0 |   39 |      0 |    0 |   0 |  0 |    0 |   0 |       0 | u_e203_subsys_top/u_e203_subsys_main/u_e203_cpu_top/u_e203_cpu/clk_itcm                             |
| g10       | n/a   | BUFG/O          | None       |          41 |               4 |   38 |      1 |    0 |   0 |  0 |    0 |   0 |       0 | ip_mmcm/inst/clk_out1                                                                               |
| g11       | n/a   | BUFG/O          | None       |          29 |               0 |   29 |      0 |    0 |   0 |  0 |    0 |   0 |       0 | u_e203_subsys_top/u_e203_subsys_main/u_e203_cpu_top/u_e203_cpu/clk_dtcm                             |
| g12       | n/a   | BUFG/O          | None       |          14 |               0 |   14 |      0 |    0 |   0 |  0 |    0 |   0 |       0 | u_e203_subsys_top/u_e203_subsys_main/u_e203_cpu_top/clk_dtcm_ram                                    |
| g13       | n/a   | BUFG/O          | None       |          20 |               0 |   13 |      0 |    7 |   0 |  0 |    0 |   0 |       0 | u_e203_subsys_top/u_e203_subsys_main/u_e203_cpu_top/clk_itcm_ram                                    |
+-----------+-------+-----------------+------------+-------------+-----------------+------+--------+------+-----+----+------+-----+---------+-----------------------------------------------------------------------------------------------------+
* Clock Loads column represents the clock pin loads (pin count)
** Non-Clock Loads column represents the non-clock pin loads (pin count)
*** Columns FF, LUTRAM, RAMB through 'Hard IP' represents load cell counts


30. Clock Region Cell Placement per Global Clock: Region X1Y2
-------------------------------------------------------------

+-----------+-------+-----------------+------------+-------------+-----------------+------+--------+------+-----+----+------+-----+---------+-----------------------------------------------------------------------------+
| Global Id | Track | Driver Type/Pin | Constraint | Clock Loads | Non-Clock Loads | FF   | LUTRAM | RAMB | DSP | GT | MMCM | PLL | Hard IP | Net                                                                         |
+-----------+-------+-----------------+------------+-------------+-----------------+------+--------+------+-----+----+------+-----+---------+-----------------------------------------------------------------------------+
| g0        | n/a   | BUFG/O          | None       |        3894 |               0 | 3853 |     22 |   12 |   0 |  0 |    0 |   0 |       0 | u_e203_subsys_top/hfclk                                                     |
| g2        | n/a   | BUFG/O          | None       |         141 |               0 |  141 |      0 |    0 |   0 |  0 |    0 |   0 |       0 | u_e203_subsys_top/core_csr_clk                                              |
| g5        | n/a   | BUFG/O          | None       |          22 |               0 |   22 |      0 |    0 |   0 |  0 |    0 |   0 |       0 | u_e203_subsys_top/u_e203_subsys_main/u_e203_cpu_top/u_e203_cpu/clk_core_ifu |
| g9        | n/a   | BUFG/O          | None       |          13 |               0 |   13 |      0 |    0 |   0 |  0 |    0 |   0 |       0 | u_e203_subsys_top/u_e203_subsys_main/u_e203_cpu_top/u_e203_cpu/clk_itcm     |
| g11       | n/a   | BUFG/O          | None       |          10 |               0 |   10 |      0 |    0 |   0 |  0 |    0 |   0 |       0 | u_e203_subsys_top/u_e203_subsys_main/u_e203_cpu_top/u_e203_cpu/clk_dtcm     |
| g12       | n/a   | BUFG/O          | None       |           7 |               0 |    0 |      0 |    7 |   0 |  0 |    0 |   0 |       0 | u_e203_subsys_top/u_e203_subsys_main/u_e203_cpu_top/clk_dtcm_ram            |
| g13       | n/a   | BUFG/O          | None       |           9 |               0 |    0 |      0 |    9 |   0 |  0 |    0 |   0 |       0 | u_e203_subsys_top/u_e203_subsys_main/u_e203_cpu_top/clk_itcm_ram            |
| g14       | n/a   | BUFG/O          | None       |           8 |               0 |    8 |      0 |    0 |   0 |  0 |    0 |   0 |       0 | ip_mmcm/inst/clk_out2                                                       |
+-----------+-------+-----------------+------------+-------------+-----------------+------+--------+------+-----+----+------+-----+---------+-----------------------------------------------------------------------------+
* Clock Loads column represents the clock pin loads (pin count)
** Non-Clock Loads column represents the non-clock pin loads (pin count)
*** Columns FF, LUTRAM, RAMB through 'Hard IP' represents load cell counts


31. Clock Region Cell Placement per Global Clock: Region X0Y3
-------------------------------------------------------------

+-----------+-------+-----------------+------------+-------------+-----------------+------+--------+------+-----+----+------+-----+---------+----------------------------------------------------------------------------------------------------------+
| Global Id | Track | Driver Type/Pin | Constraint | Clock Loads | Non-Clock Loads | FF   | LUTRAM | RAMB | DSP | GT | MMCM | PLL | Hard IP | Net                                                                                                      |
+-----------+-------+-----------------+------------+-------------+-----------------+------+--------+------+-----+----+------+-----+---------+----------------------------------------------------------------------------------------------------------+
| g0        | n/a   | BUFG/O          | None       |        2457 |               0 | 2453 |      0 |    2 |   0 |  0 |    0 |   0 |       0 | u_e203_subsys_top/hfclk                                                                                  |
| g1        | n/a   | BUFG/O          | None       |        3766 |               0 | 3719 |     17 |    0 |   0 |  0 |    1 |   0 |       0 | dut/u_custom_icb_mig/u_custom_icb_mig/u_mig_7series_0/u_mig_7series_0_mig/u_ddr3_infrastructure/CLK      |
| g2        | n/a   | BUFG/O          | None       |         378 |               0 |  378 |      0 |    0 |   0 |  0 |    0 |   0 |       0 | u_e203_subsys_top/core_csr_clk                                                                           |
| g3        | n/a   | BUFG/O          | None       |         160 |               0 |  160 |      0 |    0 |   0 |  0 |    0 |   0 |       0 | slowclk_BUFG                                                                                             |
| g5        | n/a   | BUFG/O          | None       |          52 |               0 |   52 |      0 |    0 |   0 |  0 |    0 |   0 |       0 | u_e203_subsys_top/u_e203_subsys_main/u_e203_cpu_top/u_e203_cpu/clk_core_ifu                              |
| g6        | n/a   | BUFG/O          | None       |          61 |               0 |   61 |      0 |    0 |   0 |  0 |    0 |   0 |       0 | u_e203_subsys_top/u_e203_subsys_main/u_e203_cpu_top/u_e203_cpu/clk_core_biu                              |
| g7        | n/a   | BUFG/O          | None       |          76 |               0 |   76 |      0 |    0 |   0 |  0 |    0 |   0 |       0 | u_e203_subsys_top/u_e203_subsys_main/u_e203_cpu_top/u_e203_cpu/clk_core_lsu                              |
| g8        | n/a   | BUFG/O          | None       |          17 |               0 |   15 |      0 |    0 |   0 |  0 |    0 |   1 |       0 | ip_mmcm/inst/clk_out3                                                                                    |
| g9        | n/a   | BUFG/O          | None       |           4 |               0 |    4 |      0 |    0 |   0 |  0 |    0 |   0 |       0 | u_e203_subsys_top/u_e203_subsys_main/u_e203_cpu_top/u_e203_cpu/clk_itcm                                  |
| g10       | n/a   | BUFG/O          | None       |           7 |               0 |    7 |      0 |    0 |   0 |  0 |    0 |   0 |       0 | ip_mmcm/inst/clk_out1                                                                                    |
| g11       | n/a   | BUFG/O          | None       |           8 |               0 |    8 |      0 |    0 |   0 |  0 |    0 |   0 |       0 | u_e203_subsys_top/u_e203_subsys_main/u_e203_cpu_top/u_e203_cpu/clk_dtcm                                  |
| g15       | n/a   | BUFH/O          | None       |           1 |               0 |    0 |      0 |    0 |   0 |  0 |    1 |   0 |       0 | dut/u_custom_icb_mig/u_custom_icb_mig/u_mig_7series_0/u_mig_7series_0_mig/u_ddr3_infrastructure/pll_clk3 |
+-----------+-------+-----------------+------------+-------------+-----------------+------+--------+------+-----+----+------+-----+---------+----------------------------------------------------------------------------------------------------------+
* Clock Loads column represents the clock pin loads (pin count)
** Non-Clock Loads column represents the non-clock pin loads (pin count)
*** Columns FF, LUTRAM, RAMB through 'Hard IP' represents load cell counts


32. Clock Region Cell Placement per Global Clock: Region X1Y3
-------------------------------------------------------------

+-----------+-------+-----------------+------------+-------------+-----------------+------+--------+------+-----+----+------+-----+---------+-----------------------------------------------------------------------------------------------------+
| Global Id | Track | Driver Type/Pin | Constraint | Clock Loads | Non-Clock Loads | FF   | LUTRAM | RAMB | DSP | GT | MMCM | PLL | Hard IP | Net                                                                                                 |
+-----------+-------+-----------------+------------+-------------+-----------------+------+--------+------+-----+----+------+-----+---------+-----------------------------------------------------------------------------------------------------+
| g0        | n/a   | BUFG/O          | None       |        1260 |               0 | 1260 |      0 |    0 |   0 |  0 |    0 |   0 |       0 | u_e203_subsys_top/hfclk                                                                             |
| g1        | n/a   | BUFG/O          | None       |         311 |               0 |  311 |      0 |    0 |   0 |  0 |    0 |   0 |       0 | dut/u_custom_icb_mig/u_custom_icb_mig/u_mig_7series_0/u_mig_7series_0_mig/u_ddr3_infrastructure/CLK |
| g2        | n/a   | BUFG/O          | None       |         742 |               0 |  742 |      0 |    0 |   0 |  0 |    0 |   0 |       0 | u_e203_subsys_top/core_csr_clk                                                                      |
| g4        | n/a   | BUFG/O          | None       |         197 |               0 |  197 |      0 |    0 |   0 |  0 |    0 |   0 |       0 | dut_io_pads_jtag_TCK_i_ival_BUFG                                                                    |
| g5        | n/a   | BUFG/O          | None       |          59 |               0 |   59 |      0 |    0 |   0 |  0 |    0 |   0 |       0 | u_e203_subsys_top/u_e203_subsys_main/u_e203_cpu_top/u_e203_cpu/clk_core_ifu                         |
| g6        | n/a   | BUFG/O          | None       |          41 |               0 |   41 |      0 |    0 |   0 |  0 |    0 |   0 |       0 | u_e203_subsys_top/u_e203_subsys_main/u_e203_cpu_top/u_e203_cpu/clk_core_biu                         |
| g7        | n/a   | BUFG/O          | None       |           3 |               0 |    3 |      0 |    0 |   0 |  0 |    0 |   0 |       0 | u_e203_subsys_top/u_e203_subsys_main/u_e203_cpu_top/u_e203_cpu/clk_core_lsu                         |
| g8        | n/a   | BUFG/O          | None       |           6 |               0 |    6 |      0 |    0 |   0 |  0 |    0 |   0 |       0 | ip_mmcm/inst/clk_out3                                                                               |
| g9        | n/a   | BUFG/O          | None       |           7 |               0 |    7 |      0 |    0 |   0 |  0 |    0 |   0 |       0 | u_e203_subsys_top/u_e203_subsys_main/u_e203_cpu_top/u_e203_cpu/clk_itcm                             |
| g10       | n/a   | BUFG/O          | None       |           9 |               0 |    9 |      0 |    0 |   0 |  0 |    0 |   0 |       0 | ip_mmcm/inst/clk_out1                                                                               |
| g11       | n/a   | BUFG/O          | None       |           8 |               0 |    8 |      0 |    0 |   0 |  0 |    0 |   0 |       0 | u_e203_subsys_top/u_e203_subsys_main/u_e203_cpu_top/u_e203_cpu/clk_dtcm                             |
| g12       | n/a   | BUFG/O          | None       |           8 |               0 |    0 |      0 |    8 |   0 |  0 |    0 |   0 |       0 | u_e203_subsys_top/u_e203_subsys_main/u_e203_cpu_top/clk_dtcm_ram                                    |
+-----------+-------+-----------------+------------+-------------+-----------------+------+--------+------+-----+----+------+-----+---------+-----------------------------------------------------------------------------------------------------+
* Clock Loads column represents the clock pin loads (pin count)
** Non-Clock Loads column represents the non-clock pin loads (pin count)
*** Columns FF, LUTRAM, RAMB through 'Hard IP' represents load cell counts



# Location of BUFG Primitives 
set_property LOC BUFGCTRL_X0Y9 [get_cells qout_r_reg[0]_i_2__7]
set_property LOC BUFGCTRL_X0Y10 [get_cells qout_r_reg[0]_i_2__8]
set_property LOC BUFGCTRL_X0Y7 [get_cells qout_r_reg[0]_i_2__6]
set_property LOC BUFGCTRL_X0Y5 [get_cells qout_r_reg[31]_i_2]
set_property LOC BUFGCTRL_X0Y6 [get_cells qout_r_reg[0]_i_2__5]
set_property LOC BUFGCTRL_X0Y12 [get_cells mem[1].non_last.mem_r_reg_0_0_i_1__0]
set_property LOC BUFGCTRL_X0Y11 [get_cells mem[1].non_last.mem_r_reg_0_0_i_1]
set_property LOC BUFGCTRL_X0Y1 [get_cells r_gnrl_conv2d_ibuf_blk_sel_reg[14]_i_3]
set_property LOC BUFGCTRL_X0Y2 [get_cells qout_r_reg[31]_i_3]
set_property LOC BUFGCTRL_X0Y3 [get_cells slowclk_BUFG_inst]
set_property LOC BUFGCTRL_X0Y14 [get_cells ip_mmcm/inst/clkf_buf]
set_property LOC BUFGCTRL_X0Y0 [get_cells ip_mmcm/inst/clkout3_buf]
set_property LOC BUFGCTRL_X0Y13 [get_cells ip_mmcm/inst/clkout2_buf]
set_property LOC BUFGCTRL_X0Y8 [get_cells ip_mmcm/inst/clkout1_buf]
set_property LOC BUFGCTRL_X0Y15 [get_cells ip_mmcm/inst/clkin1_bufg]
set_property LOC BUFGCTRL_X0Y4 [get_cells dut_io_pads_jtag_TCK_i_ival_BUFG_inst]
set_property LOC BUFGCTRL_X0Y16 [get_cells dut/u_custom_icb_mig/u_custom_icb_mig/u_mig_7series_0/u_mig_7series_0_mig/u_ddr3_infrastructure/u_bufg_clkdiv0]

# Location of BUFH Primitives 
set_property LOC BUFHCE_X0Y36 [get_cells dut/u_custom_icb_mig/u_custom_icb_mig/u_mig_7series_0/u_mig_7series_0_mig/u_ddr3_infrastructure/u_bufh_pll_clk3]

# Location of IO Primitives which is load of clock spine

# Location of clock ports
set_property LOC IOB_X0Y75 [get_ports clk_board]

# Clock net "u_e203_subsys_top/u_e203_subsys_main/u_e203_cpu_top/u_e203_cpu/clk_itcm" driven by instance "qout_r_reg[0]_i_2__7" located at site "BUFGCTRL_X0Y9"
#startgroup
create_pblock {CLKAG_u_e203_subsys_top/u_e203_subsys_main/u_e203_cpu_top/u_e203_cpu/clk_itcm}
add_cells_to_pblock [get_pblocks  {CLKAG_u_e203_subsys_top/u_e203_subsys_main/u_e203_cpu_top/u_e203_cpu/clk_itcm}] [get_cells -filter { PRIMITIVE_GROUP != I/O && IS_PRIMITIVE==1 && PRIMITIVE_LEVEL !=INTERNAL } -of_object [get_pins -filter {DIRECTION==IN} -of_objects [get_nets -hierarchical -filter {PARENT=="u_e203_subsys_top/u_e203_subsys_main/u_e203_cpu_top/u_e203_cpu/clk_itcm"}]]]
resize_pblock [get_pblocks {CLKAG_u_e203_subsys_top/u_e203_subsys_main/u_e203_cpu_top/u_e203_cpu/clk_itcm}] -add {CLOCKREGION_X0Y2:CLOCKREGION_X0Y2 CLOCKREGION_X0Y3:CLOCKREGION_X0Y3 CLOCKREGION_X1Y2:CLOCKREGION_X1Y2 CLOCKREGION_X1Y3:CLOCKREGION_X1Y3}
#endgroup

# Clock net "u_e203_subsys_top/u_e203_subsys_main/u_e203_cpu_top/u_e203_cpu/clk_dtcm" driven by instance "qout_r_reg[0]_i_2__8" located at site "BUFGCTRL_X0Y10"
#startgroup
create_pblock {CLKAG_u_e203_subsys_top/u_e203_subsys_main/u_e203_cpu_top/u_e203_cpu/clk_dtcm}
add_cells_to_pblock [get_pblocks  {CLKAG_u_e203_subsys_top/u_e203_subsys_main/u_e203_cpu_top/u_e203_cpu/clk_dtcm}] [get_cells -filter { PRIMITIVE_GROUP != I/O && IS_PRIMITIVE==1 && PRIMITIVE_LEVEL !=INTERNAL } -of_object [get_pins -filter {DIRECTION==IN} -of_objects [get_nets -hierarchical -filter {PARENT=="u_e203_subsys_top/u_e203_subsys_main/u_e203_cpu_top/u_e203_cpu/clk_dtcm"}]]]
resize_pblock [get_pblocks {CLKAG_u_e203_subsys_top/u_e203_subsys_main/u_e203_cpu_top/u_e203_cpu/clk_dtcm}] -add {CLOCKREGION_X0Y2:CLOCKREGION_X0Y2 CLOCKREGION_X0Y3:CLOCKREGION_X0Y3 CLOCKREGION_X1Y2:CLOCKREGION_X1Y2 CLOCKREGION_X1Y3:CLOCKREGION_X1Y3}
#endgroup

# Clock net "u_e203_subsys_top/u_e203_subsys_main/u_e203_cpu_top/u_e203_cpu/clk_core_lsu" driven by instance "qout_r_reg[0]_i_2__6" located at site "BUFGCTRL_X0Y7"
#startgroup
create_pblock {CLKAG_u_e203_subsys_top/u_e203_subsys_main/u_e203_cpu_top/u_e203_cpu/clk_core_lsu}
add_cells_to_pblock [get_pblocks  {CLKAG_u_e203_subsys_top/u_e203_subsys_main/u_e203_cpu_top/u_e203_cpu/clk_core_lsu}] [get_cells -filter { PRIMITIVE_GROUP != I/O && IS_PRIMITIVE==1 && PRIMITIVE_LEVEL !=INTERNAL } -of_object [get_pins -filter {DIRECTION==IN} -of_objects [get_nets -hierarchical -filter {PARENT=="u_e203_subsys_top/u_e203_subsys_main/u_e203_cpu_top/u_e203_cpu/clk_core_lsu"}]]]
resize_pblock [get_pblocks {CLKAG_u_e203_subsys_top/u_e203_subsys_main/u_e203_cpu_top/u_e203_cpu/clk_core_lsu}] -add {CLOCKREGION_X0Y3:CLOCKREGION_X0Y3 CLOCKREGION_X1Y3:CLOCKREGION_X1Y3}
#endgroup

# Clock net "u_e203_subsys_top/u_e203_subsys_main/u_e203_cpu_top/u_e203_cpu/clk_core_ifu" driven by instance "qout_r_reg[31]_i_2" located at site "BUFGCTRL_X0Y5"
#startgroup
create_pblock {CLKAG_u_e203_subsys_top/u_e203_subsys_main/u_e203_cpu_top/u_e203_cpu/clk_core_ifu}
add_cells_to_pblock [get_pblocks  {CLKAG_u_e203_subsys_top/u_e203_subsys_main/u_e203_cpu_top/u_e203_cpu/clk_core_ifu}] [get_cells -filter { PRIMITIVE_GROUP != I/O && IS_PRIMITIVE==1 && PRIMITIVE_LEVEL !=INTERNAL } -of_object [get_pins -filter {DIRECTION==IN} -of_objects [get_nets -hierarchical -filter {PARENT=="u_e203_subsys_top/u_e203_subsys_main/u_e203_cpu_top/u_e203_cpu/clk_core_ifu"}]]]
resize_pblock [get_pblocks {CLKAG_u_e203_subsys_top/u_e203_subsys_main/u_e203_cpu_top/u_e203_cpu/clk_core_ifu}] -add {CLOCKREGION_X0Y2:CLOCKREGION_X0Y2 CLOCKREGION_X0Y3:CLOCKREGION_X0Y3 CLOCKREGION_X1Y2:CLOCKREGION_X1Y2 CLOCKREGION_X1Y3:CLOCKREGION_X1Y3}
#endgroup

# Clock net "u_e203_subsys_top/u_e203_subsys_main/u_e203_cpu_top/u_e203_cpu/clk_core_biu" driven by instance "qout_r_reg[0]_i_2__5" located at site "BUFGCTRL_X0Y6"
#startgroup
create_pblock {CLKAG_u_e203_subsys_top/u_e203_subsys_main/u_e203_cpu_top/u_e203_cpu/clk_core_biu}
add_cells_to_pblock [get_pblocks  {CLKAG_u_e203_subsys_top/u_e203_subsys_main/u_e203_cpu_top/u_e203_cpu/clk_core_biu}] [get_cells -filter { PRIMITIVE_GROUP != I/O && IS_PRIMITIVE==1 && PRIMITIVE_LEVEL !=INTERNAL } -of_object [get_pins -filter {DIRECTION==IN} -of_objects [get_nets -hierarchical -filter {PARENT=="u_e203_subsys_top/u_e203_subsys_main/u_e203_cpu_top/u_e203_cpu/clk_core_biu"}]]]
resize_pblock [get_pblocks {CLKAG_u_e203_subsys_top/u_e203_subsys_main/u_e203_cpu_top/u_e203_cpu/clk_core_biu}] -add {CLOCKREGION_X0Y2:CLOCKREGION_X0Y2 CLOCKREGION_X0Y3:CLOCKREGION_X0Y3 CLOCKREGION_X1Y3:CLOCKREGION_X1Y3}
#endgroup

# Clock net "u_e203_subsys_top/u_e203_subsys_main/u_e203_cpu_top/clk_itcm_ram" driven by instance "mem[1].non_last.mem_r_reg_0_0_i_1__0" located at site "BUFGCTRL_X0Y12"
#startgroup
create_pblock {CLKAG_u_e203_subsys_top/u_e203_subsys_main/u_e203_cpu_top/clk_itcm_ram}
add_cells_to_pblock [get_pblocks  {CLKAG_u_e203_subsys_top/u_e203_subsys_main/u_e203_cpu_top/clk_itcm_ram}] [get_cells -filter { PRIMITIVE_GROUP != I/O && IS_PRIMITIVE==1 && PRIMITIVE_LEVEL !=INTERNAL } -of_object [get_pins -filter {DIRECTION==IN} -of_objects [get_nets -hierarchical -filter {PARENT=="u_e203_subsys_top/u_e203_subsys_main/u_e203_cpu_top/clk_itcm_ram"}]]]
resize_pblock [get_pblocks {CLKAG_u_e203_subsys_top/u_e203_subsys_main/u_e203_cpu_top/clk_itcm_ram}] -add {CLOCKREGION_X0Y2:CLOCKREGION_X0Y2 CLOCKREGION_X1Y2:CLOCKREGION_X1Y2}
#endgroup

# Clock net "u_e203_subsys_top/u_e203_subsys_main/u_e203_cpu_top/clk_dtcm_ram" driven by instance "mem[1].non_last.mem_r_reg_0_0_i_1" located at site "BUFGCTRL_X0Y11"
#startgroup
create_pblock {CLKAG_u_e203_subsys_top/u_e203_subsys_main/u_e203_cpu_top/clk_dtcm_ram}
add_cells_to_pblock [get_pblocks  {CLKAG_u_e203_subsys_top/u_e203_subsys_main/u_e203_cpu_top/clk_dtcm_ram}] [get_cells -filter { PRIMITIVE_GROUP != I/O && IS_PRIMITIVE==1 && PRIMITIVE_LEVEL !=INTERNAL } -of_object [get_pins -filter {DIRECTION==IN} -of_objects [get_nets -hierarchical -filter {PARENT=="u_e203_subsys_top/u_e203_subsys_main/u_e203_cpu_top/clk_dtcm_ram"}]]]
resize_pblock [get_pblocks {CLKAG_u_e203_subsys_top/u_e203_subsys_main/u_e203_cpu_top/clk_dtcm_ram}] -add {CLOCKREGION_X0Y2:CLOCKREGION_X0Y2 CLOCKREGION_X1Y1:CLOCKREGION_X1Y1 CLOCKREGION_X1Y2:CLOCKREGION_X1Y2 CLOCKREGION_X1Y3:CLOCKREGION_X1Y3}
#endgroup

# Clock net "u_e203_subsys_top/hfclk" driven by instance "r_gnrl_conv2d_ibuf_blk_sel_reg[14]_i_3" located at site "BUFGCTRL_X0Y1"
#startgroup
create_pblock {CLKAG_u_e203_subsys_top/hfclk}
add_cells_to_pblock [get_pblocks  {CLKAG_u_e203_subsys_top/hfclk}] [get_cells -filter { PRIMITIVE_GROUP != I/O && IS_PRIMITIVE==1 && PRIMITIVE_LEVEL !=INTERNAL } -of_object [get_pins -filter {DIRECTION==IN} -of_objects [get_nets -hierarchical -filter {PARENT=="u_e203_subsys_top/hfclk"}]]]
resize_pblock [get_pblocks {CLKAG_u_e203_subsys_top/hfclk}] -add {CLOCKREGION_X0Y0:CLOCKREGION_X0Y0 CLOCKREGION_X0Y1:CLOCKREGION_X0Y1 CLOCKREGION_X0Y2:CLOCKREGION_X0Y2 CLOCKREGION_X0Y3:CLOCKREGION_X0Y3 CLOCKREGION_X1Y0:CLOCKREGION_X1Y0 CLOCKREGION_X1Y1:CLOCKREGION_X1Y1 CLOCKREGION_X1Y2:CLOCKREGION_X1Y2 CLOCKREGION_X1Y3:CLOCKREGION_X1Y3}
#endgroup

# Clock net "u_e203_subsys_top/core_csr_clk" driven by instance "qout_r_reg[31]_i_3" located at site "BUFGCTRL_X0Y2"
#startgroup
create_pblock {CLKAG_u_e203_subsys_top/core_csr_clk}
add_cells_to_pblock [get_pblocks  {CLKAG_u_e203_subsys_top/core_csr_clk}] [get_cells -filter { PRIMITIVE_GROUP != I/O && IS_PRIMITIVE==1 && PRIMITIVE_LEVEL !=INTERNAL } -of_object [get_pins -filter {DIRECTION==IN} -of_objects [get_nets -hierarchical -filter {PARENT=="u_e203_subsys_top/core_csr_clk"}]]]
resize_pblock [get_pblocks {CLKAG_u_e203_subsys_top/core_csr_clk}] -add {CLOCKREGION_X0Y2:CLOCKREGION_X0Y2 CLOCKREGION_X0Y3:CLOCKREGION_X0Y3 CLOCKREGION_X1Y2:CLOCKREGION_X1Y2 CLOCKREGION_X1Y3:CLOCKREGION_X1Y3}
#endgroup

# Clock net "slowclk_BUFG" driven by instance "slowclk_BUFG_inst" located at site "BUFGCTRL_X0Y3"
#startgroup
create_pblock {CLKAG_slowclk_BUFG}
add_cells_to_pblock [get_pblocks  {CLKAG_slowclk_BUFG}] [get_cells -filter { PRIMITIVE_GROUP != I/O && IS_PRIMITIVE==1 && PRIMITIVE_LEVEL !=INTERNAL } -of_object [get_pins -filter {DIRECTION==IN} -of_objects [get_nets -hierarchical -filter {PARENT=="slowclk_BUFG"}]]]
resize_pblock [get_pblocks {CLKAG_slowclk_BUFG}] -add {CLOCKREGION_X0Y2:CLOCKREGION_X0Y2 CLOCKREGION_X0Y3:CLOCKREGION_X0Y3}
#endgroup

# Clock net "ip_mmcm/inst/clk_out3" driven by instance "ip_mmcm/inst/clkout3_buf" located at site "BUFGCTRL_X0Y0"
#startgroup
create_pblock {CLKAG_ip_mmcm/inst/clk_out3}
add_cells_to_pblock [get_pblocks  {CLKAG_ip_mmcm/inst/clk_out3}] [get_cells -filter { PRIMITIVE_GROUP != I/O && IS_PRIMITIVE==1 && PRIMITIVE_LEVEL !=INTERNAL && NAME!=dut/u_custom_icb_mig/u_custom_icb_mig/u_mig_7series_0/u_mig_7series_0_mig/u_ddr3_infrastructure/plle2_i} -of_object [get_pins -filter {DIRECTION==IN} -of_objects [get_nets -hierarchical -filter {PARENT=="ip_mmcm/inst/clk_out3"}]]]
resize_pblock [get_pblocks {CLKAG_ip_mmcm/inst/clk_out3}] -add {CLOCKREGION_X0Y1:CLOCKREGION_X0Y1 CLOCKREGION_X0Y2:CLOCKREGION_X0Y2 CLOCKREGION_X0Y3:CLOCKREGION_X0Y3 CLOCKREGION_X1Y3:CLOCKREGION_X1Y3}
#endgroup

# Clock net "ip_mmcm/inst/clk_out2" driven by instance "ip_mmcm/inst/clkout2_buf" located at site "BUFGCTRL_X0Y13"
#startgroup
create_pblock {CLKAG_ip_mmcm/inst/clk_out2}
add_cells_to_pblock [get_pblocks  {CLKAG_ip_mmcm/inst/clk_out2}] [get_cells -filter { PRIMITIVE_GROUP != I/O && IS_PRIMITIVE==1 && PRIMITIVE_LEVEL !=INTERNAL } -of_object [get_pins -filter {DIRECTION==IN} -of_objects [get_nets -hierarchical -filter {PARENT=="ip_mmcm/inst/clk_out2"}]]]
resize_pblock [get_pblocks {CLKAG_ip_mmcm/inst/clk_out2}] -add {CLOCKREGION_X1Y2:CLOCKREGION_X1Y2}
#endgroup

# Clock net "ip_mmcm/inst/clk_out1" driven by instance "ip_mmcm/inst/clkout1_buf" located at site "BUFGCTRL_X0Y8"
#startgroup
create_pblock {CLKAG_ip_mmcm/inst/clk_out1}
add_cells_to_pblock [get_pblocks  {CLKAG_ip_mmcm/inst/clk_out1}] [get_cells -filter { PRIMITIVE_GROUP != I/O && IS_PRIMITIVE==1 && PRIMITIVE_LEVEL !=INTERNAL } -of_object [get_pins -filter {DIRECTION==IN} -of_objects [get_nets -hierarchical -filter {PARENT=="ip_mmcm/inst/clk_out1"}]]]
resize_pblock [get_pblocks {CLKAG_ip_mmcm/inst/clk_out1}] -add {CLOCKREGION_X0Y2:CLOCKREGION_X0Y2 CLOCKREGION_X0Y3:CLOCKREGION_X0Y3 CLOCKREGION_X1Y1:CLOCKREGION_X1Y1 CLOCKREGION_X1Y3:CLOCKREGION_X1Y3}
#endgroup

# Clock net "dut_io_pads_jtag_TCK_i_ival_BUFG" driven by instance "dut_io_pads_jtag_TCK_i_ival_BUFG_inst" located at site "BUFGCTRL_X0Y4"
#startgroup
create_pblock {CLKAG_dut_io_pads_jtag_TCK_i_ival_BUFG}
add_cells_to_pblock [get_pblocks  {CLKAG_dut_io_pads_jtag_TCK_i_ival_BUFG}] [get_cells -filter { PRIMITIVE_GROUP != I/O && IS_PRIMITIVE==1 && PRIMITIVE_LEVEL !=INTERNAL } -of_object [get_pins -filter {DIRECTION==IN} -of_objects [get_nets -hierarchical -filter {PARENT=="dut_io_pads_jtag_TCK_i_ival_BUFG"}]]]
resize_pblock [get_pblocks {CLKAG_dut_io_pads_jtag_TCK_i_ival_BUFG}] -add {CLOCKREGION_X1Y3:CLOCKREGION_X1Y3}
#endgroup

# Clock net "dut/u_custom_icb_mig/u_custom_icb_mig/u_mig_7series_0/u_mig_7series_0_mig/u_ddr3_infrastructure/CLK" driven by instance "dut/u_custom_icb_mig/u_custom_icb_mig/u_mig_7series_0/u_mig_7series_0_mig/u_ddr3_infrastructure/u_bufg_clkdiv0" located at site "BUFGCTRL_X0Y16"
#startgroup
create_pblock {CLKAG_dut/u_custom_icb_mig/u_custom_icb_mig/u_mig_7series_0/u_mig_7series_0_mig/u_ddr3_infrastructure/CLK}
add_cells_to_pblock [get_pblocks  {CLKAG_dut/u_custom_icb_mig/u_custom_icb_mig/u_mig_7series_0/u_mig_7series_0_mig/u_ddr3_infrastructure/CLK}] [get_cells -filter { PRIMITIVE_GROUP != I/O && IS_PRIMITIVE==1 && PRIMITIVE_LEVEL !=INTERNAL && NAME!=dut/u_custom_icb_mig/u_custom_icb_mig/u_mig_7series_0/u_mig_7series_0_mig/u_ddr3_infrastructure/gen_mmcm.mmcm_i} -of_object [get_pins -filter {DIRECTION==IN} -of_objects [get_nets -hierarchical -filter {PARENT=="dut/u_custom_icb_mig/u_custom_icb_mig/u_mig_7series_0/u_mig_7series_0_mig/u_ddr3_infrastructure/CLK"}]]]
resize_pblock [get_pblocks {CLKAG_dut/u_custom_icb_mig/u_custom_icb_mig/u_mig_7series_0/u_mig_7series_0_mig/u_ddr3_infrastructure/CLK}] -add {CLOCKREGION_X0Y2:CLOCKREGION_X0Y2 CLOCKREGION_X0Y3:CLOCKREGION_X0Y3 CLOCKREGION_X1Y3:CLOCKREGION_X1Y3}
#endgroup
